 OptRokova

 Timestamp is 38059607 (Thu Oct 14 10:36:23 1999)

 Preferred load address is 00400000

 Start         Length     Name                   Class
 0001:00000000 0002cefeH .text                   CODE
 0001:0002cefe 00000eb4H .text$AFX_AUX           CODE
 0001:0002ddb2 000009bfH .text$AFX_CMNCTL        CODE
 0001:0002e771 0000043fH .text$AFX_COL1          CODE
 0001:0002ebb0 000004c7H .text$AFX_COL2          CODE
 0001:0002f077 00007b9aH .text$AFX_CORE1         CODE
 0001:00036c11 000040e6H .text$AFX_CORE2         CODE
 0001:0003acf7 000060e4H .text$AFX_CORE3         CODE
 0001:00040ddb 00003efaH .text$AFX_CORE4         CODE
 0001:00044cd5 00003b19H .text$AFX_INIT          CODE
 0001:000487ee 00000290H .text$AFX_OLE1          CODE
 0001:00048a7e 0000018cH .text$AFX_OLE2          CODE
 0001:00048c0a 0000035dH .text$AFX_OLE3          CODE
 0001:00048f67 0000035aH .text$AFX_OLE4          CODE
 0001:000492c1 00000e7eH .text$AFX_OLE5          CODE
 0001:0004a13f 000032faH .text$AFX_PRNT          CODE
 0001:0004d439 00000266H .text$AFX_TERM          CODE
 0001:0004d6a0 00002ad1H .text$x                 CODE
 0002:00000000 00006f30H .rdata                  DATA
 0002:00006f30 00002704H .rdata$r                DATA
 0002:00009638 00004cb0H .xdata$x                DATA
 0002:0000e2e8 00000000H .edata                  DATA
 0003:00000000 00000004H .CRT$XCA                DATA
 0003:00000004 0000002cH .CRT$XCC                DATA
 0003:00000030 00000014H .CRT$XCL                DATA
 0003:00000044 00000100H .CRT$XCU                DATA
 0003:00000144 00000004H .CRT$XCZ                DATA
 0003:00000148 00000004H .CRT$XIA                DATA
 0003:0000014c 0000000cH .CRT$XIC                DATA
 0003:00000158 00000004H .CRT$XIY                DATA
 0003:0000015c 00000004H .CRT$XIZ                DATA
 0003:00000160 00000004H .CRT$XPA                DATA
 0003:00000164 00000008H .CRT$XPX                DATA
 0003:0000016c 00000004H .CRT$XPZ                DATA
 0003:00000170 00000004H .CRT$XTA                DATA
 0003:00000174 00000004H .CRT$XTB                DATA
 0003:00000178 00000004H .CRT$XTZ                DATA
 0003:00000180 000053b4H .data                   DATA
 0003:00005538 000048d0H .bss                    DATA
 0004:00000000 000000f0H .idata$2                DATA
 0004:000000f0 00000014H .idata$3                DATA
 0004:00000104 00000704H .idata$4                DATA
 0004:00000808 00000704H .idata$5                DATA
 0004:00000f0c 00001cbaH .idata$6                DATA
 0005:00000000 00000ca0H .rsrc$01                DATA
 0005:00000ca0 000064f0H .rsrc$02                DATA

  Address         Publics by Value              Rva+Base     Lib:Object

 0001:00000000       ?UcitajPredmete@OptProblem@@QAEHPAD@Z 00401000 f   Data.obj
 0001:00000380       ?UcitajNastavniProgram@OptProblem@@QAEHPAD@Z 00401380 f   Data.obj
 0001:000005d0       ?UcitajPresjek@OptProblem@@QAEHPAD@Z 004015d0 f   Data.obj
 0001:00000bc0       ?UbaciPresjek@OptProblem@@QAEHHHH@Z 00401bc0 f   Data.obj
 0001:00000d40       ?UcitajPredmeteIstiDan@OptProblem@@QAEXPAD@Z 00401d40 f   Data.obj
 0001:00000fe0       ??1?$basic_string@DU?$char_traits@D@std@@V?$allocator@D@2@@std@@QAE@XZ 00401fe0 f i Data.obj
 0001:00001020       ??1?$vector@PAVGen@@V?$allocator@PAVGen@@@std@@@std@@QAE@XZ 00402020 f i Data.obj
 0001:00001020       ??1?$vector@JV?$allocator@J@std@@@std@@QAE@XZ 00402020 f i Data.obj
 0001:00001020       ??1?$vector@VZapis@@V?$allocator@VZapis@@@std@@@std@@QAE@XZ 00402020 f i Data.obj
 0001:00001020       ??1?$vector@VParBrStudBrIsp@@V?$allocator@VParBrStudBrIsp@@@std@@@std@@QAE@XZ 00402020 f i Data.obj
 0001:00001020       ??1?$vector@HV?$allocator@H@std@@@std@@QAE@XZ 00402020 f i Data.obj
 0001:00001020       ??1?$vector@VIspit@@V?$allocator@VIspit@@@std@@@std@@QAE@XZ 00402020 f i Data.obj
 0001:00001020       ??1?$vector@VParSifraPresjek@@V?$allocator@VParSifraPresjek@@@std@@@std@@QAE@XZ 00402020 f i Data.obj
 0001:00001050       ?size@?$vector@VIspit@@V?$allocator@VIspit@@@std@@@std@@QBEIXZ 00402050 f i Data.obj
 0001:00001080       ?_Tidy@?$basic_string@DU?$char_traits@D@std@@V?$allocator@D@2@@std@@AAEX_N@Z 00402080 f i Data.obj
 0001:000010d0       ?insert@?$vector@JV?$allocator@J@std@@@std@@QAEXPAJIABJ@Z 004020d0 f i Data.obj
 0001:000010d0       ?insert@?$vector@HV?$allocator@H@std@@@std@@QAEXPAHIABH@Z 004020d0 f i Data.obj
 0001:000010d0       ?insert@?$vector@PAVGen@@V?$allocator@PAVGen@@@std@@@std@@QAEXPAPAVGen@@IABQAV3@@Z 004020d0 f i Data.obj
 0001:000012e0       ?erase@?$vector@JV?$allocator@J@std@@@std@@QAEPAJPAJ0@Z 004022e0 f i Data.obj
 0001:000012e0       ?erase@?$vector@PAVGen@@V?$allocator@PAVGen@@@std@@@std@@QAEPAPAVGen@@PAPAV3@0@Z 004022e0 f i Data.obj
 0001:000012e0       ?erase@?$vector@HV?$allocator@H@std@@@std@@QAEPAHPAH0@Z 004022e0 f i Data.obj
 0001:00001320       ?_Destroy@?$vector@JV?$allocator@J@std@@@std@@IAEXPAJ0@Z 00402320 f i Data.obj
 0001:00001320       ?_Destroy@?$vector@VParBrStudBrIsp@@V?$allocator@VParBrStudBrIsp@@@std@@@std@@IAEXPAVParBrStudBrIsp@@0@Z 00402320 f i Data.obj
 0001:00001320       ?_Destroy@?$vector@VParSifraPresjek@@V?$allocator@VParSifraPresjek@@@std@@@std@@IAEXPAVParSifraPresjek@@0@Z 00402320 f i Data.obj
 0001:00001320       ?_Destroy@?$vector@HV?$allocator@H@std@@@std@@IAEXPAH0@Z 00402320 f i Data.obj
 0001:00001330       ?insert@?$vector@V?$vector@HV?$allocator@H@std@@@std@@V?$allocator@V?$vector@HV?$allocator@H@std@@@std@@@2@@std@@QAEXPAV?$vector@HV?$allocator@H@std@@@2@IABV32@@Z 00402330 f i Data.obj
 0001:000015c0       ?erase@?$vector@V?$vector@HV?$allocator@H@std@@@std@@V?$allocator@V?$vector@HV?$allocator@H@std@@@std@@@2@@std@@QAEPAV?$vector@HV?$allocator@H@std@@@2@PAV32@0@Z 004025c0 f i Data.obj
 0001:00001630       ?insert@?$vector@VIspit@@V?$allocator@VIspit@@@std@@@std@@QAEXPAVIspit@@IABV3@@Z 00402630 f i Data.obj
 0001:00001930       ?erase@?$vector@VIspit@@V?$allocator@VIspit@@@std@@@std@@QAEPAVIspit@@PAV3@0@Z 00402930 f i Data.obj
 0001:00001970       ?insert@?$vector@V?$basic_string@DU?$char_traits@D@std@@V?$allocator@D@2@@std@@V?$allocator@V?$basic_string@DU?$char_traits@D@std@@V?$allocator@D@2@@std@@@2@@std@@QAEXPAV?$basic_string@DU?$char_traits@D@std@@V?$allocator@D@2@@2@IABV32@@Z 00402970 f i Data.obj
 0001:00001c30       ?assign@?$basic_string@DU?$char_traits@D@std@@V?$allocator@D@2@@std@@QAEAAV12@ABV12@II@Z 00402c30 f i Data.obj
 0001:00001e30       ?erase@?$vector@V?$basic_string@DU?$char_traits@D@std@@V?$allocator@D@2@@std@@V?$allocator@V?$basic_string@DU?$char_traits@D@std@@V?$allocator@D@2@@std@@@2@@std@@QAEPAV?$basic_string@DU?$char_traits@D@std@@V?$allocator@D@2@@2@PAV32@0@Z 00402e30 f i Data.obj
 0001:00001fa0       ?erase@?$basic_string@DU?$char_traits@D@std@@V?$allocator@D@2@@std@@QAEAAV12@II@Z 00402fa0 f i Data.obj
 0001:000020c0       ?_Eos@?$basic_string@DU?$char_traits@D@std@@V?$allocator@D@2@@std@@AAEXI@Z 004030c0 f i Data.obj
 0001:000020e0       ?_Grow@?$basic_string@DU?$char_traits@D@std@@V?$allocator@D@2@@std@@AAE_NI_N@Z 004030e0 f i Data.obj
 0001:00002200       ?max_size@?$basic_string@DU?$char_traits@D@std@@V?$allocator@D@2@@std@@QBEIXZ 00403200 f i Data.obj
 0001:00002210       ?_Copy@?$basic_string@DU?$char_traits@D@std@@V?$allocator@D@2@@std@@AAEXI@Z 00403210 f i Data.obj
 0001:00002320       ?_Split@?$basic_string@DU?$char_traits@D@std@@V?$allocator@D@2@@std@@AAEXXZ 00403320 f i Data.obj
 0001:000023f0       ?_Construct@std@@YAXPAV?$vector@HV?$allocator@H@std@@@1@ABV21@@Z 004033f0 f i Data.obj
 0001:00002490       ?_Construct@std@@YAXPAV?$basic_string@DU?$char_traits@D@std@@V?$allocator@D@2@@1@ABV21@@Z 00403490 f i Data.obj
 0001:00002600       ??4?$vector@JV?$allocator@J@std@@@std@@QAEAAV01@ABV01@@Z 00403600 f i Data.obj
 0001:00002600       ??4?$vector@HV?$allocator@H@std@@@std@@QAEAAV01@ABV01@@Z 00403600 f i Data.obj
 0001:00002810       ?id@?$ctype@G@std@@$E      00403810 f i Data.obj
 0001:00002810       ??3@YAXPAX0@Z              00403810 f i Data.obj
 0001:00002810       ??1CObject@@UAE@XZ         00403810 f i Data.obj
 0001:00002810       ?id@?$numpunct@D@std@@$E   00403810 f i Data.obj
 0001:00002810       ?_Destroy@std@@YAXPAH@Z    00403810 f i Data.obj
 0001:00002810       ?id@?$num_put@DV?$ostreambuf_iterator@DU?$char_traits@D@std@@@$E 00403810 f i Data.obj
 0001:00002820       ?_Decref@facet@locale@std@@QAEPAV123@XZ 00403820 f i Data.obj
 0001:00002860       ??1facet@locale@std@@UAE@XZ 00403860 f i Data.obj
 0001:00002870       ??1locale@std@@QAE@XZ      00403870 f i Data.obj
 0001:00002890       ??_Efacet@locale@std@@UAEPAXI@Z 00403890 f i Data.obj
 0001:00002890       ??_Gfacet@locale@std@@UAEPAXI@Z 00403890 f i Data.obj
 0001:000028b0       ??0CDlgIspitiIstiDan@@QAE@PAVCWnd@@@Z 004038b0 f   DlgIspitiIstiDan.obj
 0001:00002930       ??_GCDlgIspitiIstiDan@@UAEPAXI@Z 00403930 f i DlgIspitiIstiDan.obj
 0001:00002930       ??_ECDlgIspitiIstiDan@@UAEPAXI@Z 00403930 f i DlgIspitiIstiDan.obj
 0001:00002950       ??1CDlgIspitiIstiDan@@UAE@XZ 00403950 f i DlgIspitiIstiDan.obj
 0001:000029a0       ?DoDataExchange@CDlgIspitiIstiDan@@MAEXPAVCDataExchange@@@Z 004039a0 f   DlgIspitiIstiDan.obj
 0001:000029c0       ?GetMessageMap@CDlgIspitiIstiDan@@MBEPBUAFX_MSGMAP@@XZ 004039c0 f   DlgIspitiIstiDan.obj
 0001:000029d0       ?OnCancel@CDlgIspitiIstiDan@@MAEXXZ 004039d0 f   DlgIspitiIstiDan.obj
 0001:000029d0       ?OnCancel@CDlgPopisIspita@@MAEXXZ 004039d0 f   DlgIspitiIstiDan.obj
 0001:000029e0       ?DoDataExchange@CWnd@@MAEXPAVCDataExchange@@@Z 004039e0 f i DlgIspitiIstiDan.obj
 0001:000029e0       ?Serialize@CObject@@UAEXAAVCArchive@@@Z 004039e0 f i DlgIspitiIstiDan.obj
 0001:00002a20       ?BeginModalState@CWnd@@UAEXXZ 00403a20 f i DlgIspitiIstiDan.obj
 0001:00002a30       ?EndModalState@CWnd@@UAEXXZ 00403a30 f i DlgIspitiIstiDan.obj
 0001:00002a40       ??_ECListBox@@UAEPAXI@Z    00403a40 f i DlgIspitiIstiDan.obj
 0001:00002a40       ??_GCListBox@@UAEPAXI@Z    00403a40 f i DlgIspitiIstiDan.obj
 0001:00002a60       ??0CDlgOptim@@QAE@PAVCWnd@@@Z 00403a60 f   DlgOptim.obj
 0001:00002b50       ?Create@CScrollbar@@UAEHPBD0KABUtagRECT@@PAVCWnd@@IPAUCCreateContext@@@Z 00403b50 f i DlgOptim.obj
 0001:00002b80       ??_ECDlgOptim@@UAEPAXI@Z   00403b80 f i DlgOptim.obj
 0001:00002b80       ??_GCDlgOptim@@UAEPAXI@Z   00403b80 f i DlgOptim.obj
 0001:00002ba0       ??1CMSFlexGrid@@UAE@XZ     00403ba0 f i DlgOptim.obj
 0001:00002ba0       ??1CScrollbar@@UAE@XZ      00403ba0 f i DlgOptim.obj
 0001:00002bb0       ??1CDlgOptim@@UAE@XZ       00403bb0 f i DlgOptim.obj
 0001:00002c20       ??_ECMSFlexGrid@@UAEPAXI@Z 00403c20 f i DlgOptim.obj
 0001:00002c20       ??_ECScrollbar@@UAEPAXI@Z  00403c20 f i DlgOptim.obj
 0001:00002c20       ??_GCScrollbar@@UAEPAXI@Z  00403c20 f i DlgOptim.obj
 0001:00002c20       ??_GCMSFlexGrid@@UAEPAXI@Z 00403c20 f i DlgOptim.obj
 0001:00002c40       ?DoDataExchange@CDlgOptim@@MAEXPAVCDataExchange@@@Z 00403c40 f   DlgOptim.obj
 0001:00002c80       ?GetMessageMap@CDlgOptim@@MBEPBUAFX_MSGMAP@@XZ 00403c80 f   DlgOptim.obj
 0001:00002c90       ?OnLButtonDown@CDlgOptim@@IAEXIVCPoint@@@Z 00403c90 f   DlgOptim.obj
 0001:00002fa0       ?PrintConfig@CDlgOptim@@QAEXXZ 00403fa0 f   DlgOptim.obj
 0001:00004180       ?DoSomething@@YAIPAX@Z     00405180 f   DlgOptim.obj
 0001:00004af0       ??1Gen@@QAE@XZ             00405af0 f i DlgOptim.obj
 0001:00004bb0       ??0Gen@@QAE@ABV0@@Z        00405bb0 f i DlgOptim.obj
 0001:00004d50       ?GetEventSinkMap@CDlgOptim@@MBEPBUAFX_EVENTSINKMAP@@XZ 00405d50 f   DlgOptim.obj
 0001:00004d60       ?OnCancel@CDlgOptim@@MAEXXZ 00405d60 f   DlgOptim.obj
 0001:00004de0       ?OnChangeVscroll@CDlgOptim@@IAEXXZ 00405de0 f   DlgOptim.obj
 0001:00004e20       ?OnScrollVscroll@CDlgOptim@@IAEXXZ 00405e20 f   DlgOptim.obj
 0001:00004e20       ?OnWriteAscii@CMainFrame@@IAEXXZ 00405e20 f   DlgOptim.obj
 0001:00004e30       ?OnStop@CDlgOptim@@IAEXXZ  00405e30 f   DlgOptim.obj
 0001:00004e40       ?OnNastaviOptimizaciju@CDlgOptim@@IAEXXZ 00405e40 f   DlgOptim.obj
 0001:00004e60       ?OnOptPromijeniPar@CDlgOptim@@IAEXXZ 00405e60 f   DlgOptim.obj
 0001:00005130       ??1CDlgParamOptimizacije@@UAE@XZ 00406130 f i DlgOptim.obj
 0001:00005130       ??1CAboutDlg@@UAE@XZ       00406130 f i DlgOptim.obj
 0001:00005140       ??A?$vector@PAVGen@@V?$allocator@PAVGen@@@std@@@std@@QAEAAPAVGen@@I@Z 00406140 f i DlgOptim.obj
 0001:00005140       ??A?$vector@HV?$allocator@H@std@@@std@@QAEAAHI@Z 00406140 f i DlgOptim.obj
 0001:00005150       ??0?$vector@V?$vector@HV?$allocator@H@std@@@std@@V?$allocator@V?$vector@HV?$allocator@H@std@@@std@@@2@@std@@QAE@ABV01@@Z 00406150 f i DlgOptim.obj
 0001:000051c0       ??1?$vector@V?$vector@VParBrStudBrIsp@@V?$allocator@VParBrStudBrIsp@@@std@@@std@@V?$allocator@V?$vector@VParBrStudBrIsp@@V?$allocator@VParBrStudBrIsp@@@std@@@std@@@2@@std@@QAE@XZ 004061c0 f i DlgOptim.obj
 0001:000051c0       ??1?$vector@V?$vector@HV?$allocator@H@std@@@std@@V?$allocator@V?$vector@HV?$allocator@H@std@@@std@@@2@@std@@QAE@XZ 004061c0 f i DlgOptim.obj
 0001:000051c0       ??1?$vector@V?$vector@VParSifraPresjek@@V?$allocator@VParSifraPresjek@@@std@@@std@@V?$allocator@V?$vector@VParSifraPresjek@@V?$allocator@VParSifraPresjek@@@std@@@std@@@2@@std@@QAE@XZ 004061c0 f i DlgOptim.obj
 0001:00005210       ??4?$vector@V?$vector@HV?$allocator@H@std@@@std@@V?$allocator@V?$vector@HV?$allocator@H@std@@@std@@@2@@std@@QAEAAV01@ABV01@@Z 00406210 f i DlgOptim.obj
 0001:000053f0       ??_ECGdiObject@@UAEPAXI@Z  004063f0 f i DlgOptim.obj
 0001:000053f0       ??_GCGdiObject@@UAEPAXI@Z  004063f0 f i DlgOptim.obj
 0001:00005410       ??1CGdiObject@@UAE@XZ      00406410 f i DlgOptim.obj
 0001:00005450       ?_Ufill@?$vector@HV?$allocator@H@std@@@std@@IAEXPAHIABH@Z 00406450 f i DlgOptim.obj
 0001:00005480       ??_GCFont@@UAEPAXI@Z       00406480 f i DlgOptim.obj
 0001:00005480       ??_ECFont@@UAEPAXI@Z       00406480 f i DlgOptim.obj
 0001:000054a0       ?size@?$vector@HV?$allocator@H@std@@@std@@QBEIXZ 004064a0 f i DlgOptim.obj
 0001:000054a0       ?size@?$vector@PAVGen@@V?$allocator@PAVGen@@@std@@@std@@QBEIXZ 004064a0 f i DlgOptim.obj
 0001:000054c0       ??1CFont@@UAE@XZ           004064c0 f i DlgOptim.obj
 0001:00005500       ??_G?$vector@VParSifraPresjek@@V?$allocator@VParSifraPresjek@@@std@@@std@@QAEPAXI@Z 00406500 f i DlgOptim.obj
 0001:00005500       ??_G?$vector@HV?$allocator@H@std@@@std@@QAEPAXI@Z 00406500 f i DlgOptim.obj
 0001:00005570       ??_GCButton@@UAEPAXI@Z     00406570 f i DlgOptim.obj
 0001:00005570       ??_ECButton@@UAEPAXI@Z     00406570 f i DlgOptim.obj
 0001:00005590       ??_ECProgressCtrl@@UAEPAXI@Z 00406590 f i DlgOptim.obj
 0001:00005590       ??_GCProgressCtrl@@UAEPAXI@Z 00406590 f i DlgOptim.obj
 0001:000055b0       ??2@YAPAXIPAX@Z            004065b0 f i DlgOptim.obj
 0001:000055c0       ??0CDlgParametriRoka@@QAE@PAVCWnd@@@Z 004065c0 f   DlgParametriRoka.obj
 0001:000056e0       ??_GCDlgParametriRoka@@UAEPAXI@Z 004066e0 f i DlgParametriRoka.obj
 0001:000056e0       ??_ECDlgParametriRoka@@UAEPAXI@Z 004066e0 f i DlgParametriRoka.obj
 0001:00005700       ??1CDlgParametriRoka@@UAE@XZ 00406700 f i DlgParametriRoka.obj
 0001:000057b0       ?DoDataExchange@CDlgParametriRoka@@MAEXPAVCDataExchange@@@Z 004067b0 f   DlgParametriRoka.obj
 0001:00005860       ?GetMessageMap@CDlgParametriRoka@@MBEPBUAFX_MSGMAP@@XZ 00406860 f   DlgParametriRoka.obj
 0001:00005870       ?OnSelectDatumPocetka@CDlgParametriRoka@@IAEXPAUtagNMHDR@@PAJ@Z 00406870 f   DlgParametriRoka.obj
 0001:000058d0       ?OnOk@CDlgVizualniPrikaz@@IAEXXZ 004068d0 f   DlgParametriRoka.obj
 0001:000058d0       ?OnOK@CDlgIspitiIstiDan@@MAEXXZ 004068d0 f   DlgParametriRoka.obj
 0001:000058d0       ?OnOK@CDlgParametriRoka@@MAEXXZ 004068d0 f   DlgParametriRoka.obj
 0001:000058d0       ?OnOK@CDlgPopisIspita@@MAEXXZ 004068d0 f   DlgParametriRoka.obj
 0001:000058e0       ?OnSelectDatumZavrsetka@CDlgParametriRoka@@IAEXPAUtagNMHDR@@PAJ@Z 004068e0 f   DlgParametriRoka.obj
 0001:00005940       ?OnRokJesenski@CDlgParametriRoka@@IAEXXZ 00406940 f   DlgParametriRoka.obj
 0001:000059c0       ?OnRokJesenskiIzv@CDlgParametriRoka@@IAEXXZ 004069c0 f   DlgParametriRoka.obj
 0001:00005a40       ?OnRokLjetni@CDlgParametriRoka@@IAEXXZ 00406a40 f   DlgParametriRoka.obj
 0001:00005ac0       ?OnRokProljetni@CDlgParametriRoka@@IAEXXZ 00406ac0 f   DlgParametriRoka.obj
 0001:00005b40       ?OnRokZimski@CDlgParametriRoka@@IAEXXZ 00406b40 f   DlgParametriRoka.obj
 0001:00005bf0       ??_ECMonthCalCtrl@@UAEPAXI@Z 00406bf0 f i DlgParametriRoka.obj
 0001:00005bf0       ??_GCMonthCalCtrl@@UAEPAXI@Z 00406bf0 f i DlgParametriRoka.obj
 0001:00005c10       ??0CDlgParamOptimizacije@@QAE@PAVCWnd@@@Z 00406c10 f   DlgParamOptimizacije.obj
 0001:00005ca0       ?DoDataExchange@CDlgParamOptimizacije@@MAEXPAVCDataExchange@@@Z 00406ca0 f   DlgParamOptimizacije.obj
 0001:00005e20       ?GetMessageMap@CDlgParamOptimizacije@@MBEPBUAFX_MSGMAP@@XZ 00406e20 f   DlgParamOptimizacije.obj
 0001:00005e60       ??0CDlgPopisIspita@@QAE@PAVCWnd@@@Z 00406e60 f   DlgPopisIspita.obj
 0001:00005f30       ?Create@CMSFlexGrid@@UAEHPBD0KABUtagRECT@@PAVCWnd@@IPAUCCreateContext@@@Z 00406f30 f i DlgPopisIspita.obj
 0001:00005f60       ??_ECDlgPopisIspita@@UAEPAXI@Z 00406f60 f i DlgPopisIspita.obj
 0001:00005f60       ??_GCDlgPopisIspita@@UAEPAXI@Z 00406f60 f i DlgPopisIspita.obj
 0001:00005f80       ??1CDlgPopisIspita@@UAE@XZ 00406f80 f i DlgPopisIspita.obj
 0001:00005ff0       ?DoDataExchange@CDlgPopisIspita@@MAEXPAVCDataExchange@@@Z 00406ff0 f   DlgPopisIspita.obj
 0001:00006030       ?GetMessageMap@CDlgPopisIspita@@MBEPBUAFX_MSGMAP@@XZ 00407030 f   DlgPopisIspita.obj
 0001:00006040       ?OnCheckDani@CDlgPopisIspita@@IAEXXZ 00407040 f   DlgPopisIspita.obj
 0001:00006090       ?OnCheckDatumi@CDlgPopisIspita@@IAEXXZ 00407090 f   DlgPopisIspita.obj
 0001:00006110       ??0CDlgPregledZelja@@QAE@PAVCWnd@@@Z 00407110 f   DlgPregledZelja.obj
 0001:00006190       ??_GCDlgPregledZelja@@UAEPAXI@Z 00407190 f i DlgPregledZelja.obj
 0001:00006190       ??_ECDlgPregledZelja@@UAEPAXI@Z 00407190 f i DlgPregledZelja.obj
 0001:000061b0       ??1CDlgPregledZelja@@UAE@XZ 004071b0 f i DlgPregledZelja.obj
 0001:00006200       ?DoDataExchange@CDlgPregledZelja@@MAEXPAVCDataExchange@@@Z 00407200 f   DlgPregledZelja.obj
 0001:00006220       ?GetMessageMap@CDlgPregledZelja@@MBEPBUAFX_MSGMAP@@XZ 00407220 f   DlgPregledZelja.obj
 0001:00006260       ??0CDlgVizualniPrikaz@@QAE@PAVCWnd@@@Z 00407260 f   DlgVizualniPrikaz.obj
 0001:000063b0       ??_ECDlgVizualniPrikaz@@UAEPAXI@Z 004073b0 f i DlgVizualniPrikaz.obj
 0001:000063b0       ??_GCDlgVizualniPrikaz@@UAEPAXI@Z 004073b0 f i DlgVizualniPrikaz.obj
 0001:000063d0       ??1CDlgVizualniPrikaz@@UAE@XZ 004073d0 f i DlgVizualniPrikaz.obj
 0001:00006470       ?DoDataExchange@CDlgVizualniPrikaz@@MAEXPAVCDataExchange@@@Z 00407470 f   DlgVizualniPrikaz.obj
 0001:000064f0       ?GetMessageMap@CDlgVizualniPrikaz@@MBEPBUAFX_MSGMAP@@XZ 004074f0 f   DlgVizualniPrikaz.obj
 0001:00006500       ?GetEventSinkMap@CDlgVizualniPrikaz@@MBEPBUAFX_EVENTSINKMAP@@XZ 00407500 f   DlgVizualniPrikaz.obj
 0001:00006510       ?OnChangeVizualniPrikazVscroll@CDlgVizualniPrikaz@@IAEXXZ 00407510 f   DlgVizualniPrikaz.obj
 0001:00006550       ?OnLButtonDown@CDlgVizualniPrikaz@@IAEXIVCPoint@@@Z 00407550 f   DlgVizualniPrikaz.obj
 0001:000069f0       ?PrintConfig@CDlgVizualniPrikaz@@QAEXXZ 004079f0 f   DlgVizualniPrikaz.obj
 0001:000079d0       ?DanIspita@CDlgVizualniPrikaz@@QAEHPAVCOptRokDoc@@HH@Z 004089d0 f   DlgVizualniPrikaz.obj
 0001:00007aa0       ?OnCheckJesizv@CDlgVizualniPrikaz@@IAEXXZ 00408aa0 f   DlgVizualniPrikaz.obj
 0001:00007b20       ?OnCheckZim@CDlgVizualniPrikaz@@IAEXXZ 00408b20 f   DlgVizualniPrikaz.obj
 0001:00007ba0       ?OnCheckProlj@CDlgVizualniPrikaz@@IAEXXZ 00408ba0 f   DlgVizualniPrikaz.obj
 0001:00007c20       ?OnCheckLjet@CDlgVizualniPrikaz@@IAEXXZ 00408c20 f   DlgVizualniPrikaz.obj
 0001:00007ca0       ?OnCheckJes@CDlgVizualniPrikaz@@IAEXXZ 00408ca0 f   DlgVizualniPrikaz.obj
 0001:00007d80       ?CreateObject@CMainFrame@@SGPAVCObject@@XZ 00408d80 f   MainFrm.obj
 0001:00007de0       ?GetRuntimeClass@CMainFrame@@UBEPAUCRuntimeClass@@XZ 00408de0 f   MainFrm.obj
 0001:00007df0       ?GetMessageMap@CMainFrame@@MBEPBUAFX_MSGMAP@@XZ 00408df0 f   MainFrm.obj
 0001:00007e00       ??0CMainFrame@@IAE@XZ      00408e00 f   MainFrm.obj
 0001:00007e60       ??_ECMainFrame@@UAEPAXI@Z  00408e60 f i MainFrm.obj
 0001:00007e60       ??_GCMainFrame@@UAEPAXI@Z  00408e60 f i MainFrm.obj
 0001:00007e80       ??1CMainFrame@@UAE@XZ      00408e80 f   MainFrm.obj
 0001:00007ef0       ?OnCreate@CMainFrame@@IAEHPAUtagCREATESTRUCTA@@@Z 00408ef0 f   MainFrm.obj
 0001:00007fc0       ?PreCreateWindow@CMainFrame@@UAEHAAUtagCREATESTRUCTA@@@Z 00408fc0 f   MainFrm.obj
 0001:00007ff0       ??3CObject@@SGXPAX@Z       00408ff0 f i MainFrm.obj
 0001:00008030       ?Prestupna@@YA_NAAVDate@@@Z 00409030 f   ModelPar.obj
 0001:00008060       ?TransformDate@@YAJAAVDate@@@Z 00409060 f   ModelPar.obj
 0001:000080d0       ?RazlikaDana@@YAHAAVDate@@0@Z 004090d0 f   ModelPar.obj
 0001:00008100       ??HDate@@QAE?AV0@H@Z       00409100 f   ModelPar.obj
 0001:00008150       ??0ModelParam@@QAE@XZ      00409150 f   ModelPar.obj
 0001:000083b0       ?PostaviDatume@ModelParam@@QAE_NVDate@@0@Z 004093b0 f   ModelPar.obj
 0001:00008650       ?PostaviIspite@ModelParam@@QAE_NV?$vector@HV?$allocator@H@std@@@std@@HV?$vector@V?$vector@HV?$allocator@H@std@@@std@@V?$allocator@V?$vector@HV?$allocator@H@std@@@std@@@2@@3@@Z 00409650 f   ModelPar.obj
 0001:00008a80       ?PostaviPresjek@ModelParam@@QAE_NAAV?$vector@V?$vector@VParSifraPresjek@@V?$allocator@VParSifraPresjek@@@std@@@std@@V?$allocator@V?$vector@VParSifraPresjek@@V?$allocator@VParSifraPresjek@@@std@@@std@@@2@@std@@HAAV?$vector@HV?$allocator@H@std@@@3@H@Z 00409a80 f   ModelPar.obj
 0001:00008d50       ?GetPresjek@ModelParam@@QAEHHH@Z 00409d50 f   ModelPar.obj
 0001:00008db0       ?PostaviParametre@ModelParam@@QAE_NHW4TerminRoka@@@Z 00409db0 f   ModelPar.obj
 0001:00008dd0       ?IzracunajBrojTermina@ModelParam@@QAEHXZ 00409dd0 f   ModelPar.obj
 0001:00008e10       ?IzracunajBrojDana@ModelParam@@QAEHXZ 00409e10 f   ModelPar.obj
 0001:00008e20       ?IsPartOfOptProblem@ModelParam@@QAE_NH@Z 00409e20 f   ModelPar.obj
 0001:00008e50       ?size@?$vector@V?$vector@VParBrStudBrIsp@@V?$allocator@VParBrStudBrIsp@@@std@@@std@@V?$allocator@V?$vector@VParBrStudBrIsp@@V?$allocator@VParBrStudBrIsp@@@std@@@std@@@2@@std@@QBEIXZ 00409e50 f i ModelPar.obj
 0001:00008e50       ?size@?$vector@V?$basic_string@DU?$char_traits@D@std@@V?$allocator@D@2@@std@@V?$allocator@V?$basic_string@DU?$char_traits@D@std@@V?$allocator@D@2@@std@@@2@@std@@QBEIXZ 00409e50 f i ModelPar.obj
 0001:00008e50       ?size@?$vector@V?$vector@HV?$allocator@H@std@@@std@@V?$allocator@V?$vector@HV?$allocator@H@std@@@std@@@2@@std@@QBEIXZ 00409e50 f i ModelPar.obj
 0001:00008e50       ?size@?$vector@V?$vector@VParSifraPresjek@@V?$allocator@VParSifraPresjek@@@std@@@std@@V?$allocator@V?$vector@VParSifraPresjek@@V?$allocator@VParSifraPresjek@@@std@@@std@@@2@@std@@QBEIXZ 00409e50 f i ModelPar.obj
 0001:00008e70       ?insert@?$vector@V?$vector@VParSifraPresjek@@V?$allocator@VParSifraPresjek@@@std@@@std@@V?$allocator@V?$vector@VParSifraPresjek@@V?$allocator@VParSifraPresjek@@@std@@@std@@@2@@std@@QAEXPAV?$vector@VParSifraPresjek@@V?$allocator@VParSifraPresjek@@@std@@@2@IABV32@@Z 00409e70 f i ModelPar.obj
 0001:00009100       ?insert@?$vector@V?$vector@VParBrStudBrIsp@@V?$allocator@VParBrStudBrIsp@@@std@@@std@@V?$allocator@V?$vector@VParBrStudBrIsp@@V?$allocator@VParBrStudBrIsp@@@std@@@std@@@2@@std@@QAEXPAV?$vector@VParBrStudBrIsp@@V?$allocator@VParBrStudBrIsp@@@std@@@2@IABV32@@Z 0040a100 f i ModelPar.obj
 0001:00009390       ?erase@?$vector@V?$vector@VParSifraPresjek@@V?$allocator@VParSifraPresjek@@@std@@@std@@V?$allocator@V?$vector@VParSifraPresjek@@V?$allocator@VParSifraPresjek@@@std@@@std@@@2@@std@@QAEPAV?$vector@VParSifraPresjek@@V?$allocator@VParSifraPresjek@@@std@@@2@PAV32@0@Z 0040a390 f i ModelPar.obj
 0001:00009390       ?erase@?$vector@V?$vector@VParBrStudBrIsp@@V?$allocator@VParBrStudBrIsp@@@std@@@std@@V?$allocator@V?$vector@VParBrStudBrIsp@@V?$allocator@VParBrStudBrIsp@@@std@@@std@@@2@@std@@QAEPAV?$vector@VParBrStudBrIsp@@V?$allocator@VParBrStudBrIsp@@@std@@@2@PAV32@0@Z 0040a390 f i ModelPar.obj
 0001:00009400       ?size@?$vector@VParBrStudBrIsp@@V?$allocator@VParBrStudBrIsp@@@std@@@std@@QBEIXZ 0040a400 f i ModelPar.obj
 0001:00009400       ?size@?$vector@VParSifraPresjek@@V?$allocator@VParSifraPresjek@@@std@@@std@@QBEIXZ 0040a400 f i ModelPar.obj
 0001:00009420       ?erase@?$vector@VParSifraPresjek@@V?$allocator@VParSifraPresjek@@@std@@@std@@QAEPAVParSifraPresjek@@PAV3@0@Z 0040a420 f i ModelPar.obj
 0001:00009420       ?erase@?$vector@VParBrStudBrIsp@@V?$allocator@VParBrStudBrIsp@@@std@@@std@@QAEPAVParBrStudBrIsp@@PAV3@0@Z 0040a420 f i ModelPar.obj
 0001:00009460       ?_Ucopy@?$vector@VParBrStudBrIsp@@V?$allocator@VParBrStudBrIsp@@@std@@@std@@IAEPAVParBrStudBrIsp@@PBV3@0PAV3@@Z 0040a460 f i ModelPar.obj
 0001:00009460       ?_Ucopy@?$vector@VParSifraPresjek@@V?$allocator@VParSifraPresjek@@@std@@@std@@IAEPAVParSifraPresjek@@PBV3@0PAV3@@Z 0040a460 f i ModelPar.obj
 0001:000094a0       ?_Construct@std@@YAXPAV?$vector@VParSifraPresjek@@V?$allocator@VParSifraPresjek@@@std@@@1@ABV21@@Z 0040a4a0 f i ModelPar.obj
 0001:00009540       ?_Construct@std@@YAXPAV?$vector@VParBrStudBrIsp@@V?$allocator@VParBrStudBrIsp@@@std@@@1@ABV21@@Z 0040a540 f i ModelPar.obj
 0001:000095e0       ??4?$vector@VParSifraPresjek@@V?$allocator@VParSifraPresjek@@@std@@@std@@QAEAAV01@ABV01@@Z 0040a5e0 f i ModelPar.obj
 0001:000095e0       ??4?$vector@VParBrStudBrIsp@@V?$allocator@VParBrStudBrIsp@@@std@@@std@@QAEAAV01@ABV01@@Z 0040a5e0 f i ModelPar.obj
 0001:000097b0       ?CreateObject@CMSFlexGrid@@SGPAVCObject@@XZ 0040a7b0 f   msflexgrid.obj
 0001:00009800       ?GetRuntimeClass@CMSFlexGrid@@UBEPAUCRuntimeClass@@XZ 0040a800 f   msflexgrid.obj
 0001:00009810       ?SetRows@CMSFlexGrid@@QAEXJ@Z 0040a810 f   msflexgrid.obj
 0001:00009830       ?SetCols@CMSFlexGrid@@QAEXJ@Z 0040a830 f   msflexgrid.obj
 0001:00009850       ?SetRow@CMSFlexGrid@@QAEXJ@Z 0040a850 f   msflexgrid.obj
 0001:00009870       ?SetCol@CMSFlexGrid@@QAEXJ@Z 0040a870 f   msflexgrid.obj
 0001:00009890       ?SetText@CMSFlexGrid@@QAEXPBD@Z 0040a890 f   msflexgrid.obj
 0001:000098b0       ?SetCellFontBold@CMSFlexGrid@@QAEXH@Z 0040a8b0 f   msflexgrid.obj
 0001:000098d0       ?SetColAlignment@CMSFlexGrid@@QAEXJF@Z 0040a8d0 f   msflexgrid.obj
 0001:00009900       ?SetColWidth@CMSFlexGrid@@QAEXJJ@Z 0040a900 f   msflexgrid.obj
 0001:00009960       ??0Date@@QAE@XZ            0040a960 f   Optimization.obj
 0001:00009970       ?PostaviParametre@GenAlgParam@@QAE_NHJJ@Z 0040a970 f   Optimization.obj
 0001:000099c0       ?PostaviParametre@OptFuncParam@@QAE_NNNNNNNNHHH@Z 0040a9c0 f   Optimization.obj
 0001:00009a90       ??0OptProblem@@QAE@PAD000@Z 0040aa90 f   Optimization.obj
 0001:00009f70       ??1ModelParam@@QAE@XZ      0040af70 f i Optimization.obj
 0001:0000a0a0       ?PostaviDatume@OptProblem@@QAEXVDate@@0@Z 0040b0a0 f   Optimization.obj
 0001:0000a0e0       ?PostaviIspite@OptProblem@@QAEHV?$vector@HV?$allocator@H@std@@@std@@H@Z 0040b0e0 f   Optimization.obj
 0001:0000a210       ?PostaviPresjek@OptProblem@@QAEXXZ 0040b210 f   Optimization.obj
 0001:0000a240       ?PostaviParametre@OptProblem@@QAEXHW4TerminRoka@@@Z 0040b240 f   Optimization.obj
 0001:0000a260       ??0Gen@@QAE@HH@Z           0040b260 f   Optimization.obj
 0001:0000a450       ?GenerateInitialPopulation@OptProblem@@QAEXAAV?$vector@PAVGen@@V?$allocator@PAVGen@@@std@@@std@@@Z 0040b450 f   Optimization.obj
 0001:0000a490       ?GenerateGene@OptProblem@@QAEXPAVGen@@HH@Z 0040b490 f   Optimization.obj
 0001:0000a5a0       ?Krizaj@OptProblem@@QAE?AVGen@@V2@0@Z 0040b5a0 f   Optimization.obj
 0001:0000aa30       ?Mutiraj@OptProblem@@QAEXV?$vector@PAVGen@@V?$allocator@PAVGen@@@std@@@std@@@Z 0040ba30 f   Optimization.obj
 0001:0000ab70       ?Func@OptProblem@@QAENAAVGen@@AAUFunkcijaCilja@@@Z 0040bb70 f   Optimization.obj
 0001:0000b5a0       ?Dist@@YAHHH@Z             0040c5a0 f   Optimization.obj
 0001:0000b5d0       ?TerminUDan@@YAHH@Z        0040c5d0 f   Optimization.obj
 0001:0000b600       ?DanUTermin@@YAHH@Z        0040c600 f   Optimization.obj
 0001:0000b630       ?IsVikend@@YA_NH@Z         0040c630 f   Optimization.obj
 0001:0000b660       ?IndexPredSaSifrom@OptProblem@@QAEHH@Z 0040c660 f   Optimization.obj
 0001:0000b690       ?PartOfOptProblem@OptProblem@@QAE_NH@Z 0040c690 f   Optimization.obj
 0001:0000b6b0       ?SetBit@@YAJJH@Z           0040c6b0 f   Optimization.obj
 0001:0000b6c0       ?ClearBit@@YAJJH@Z         0040c6c0 f   Optimization.obj
 0001:0000b6e0       ?IsBitSet@@YA_NJH@Z        0040c6e0 f   Optimization.obj
 0001:0000b700       ?NumberOfBits@@YAHJ@Z      0040c700 f   Optimization.obj
 0001:0000b720       ?SelectRandomNumbers@@YAXAAV?$vector@HV?$allocator@H@std@@@std@@HHH@Z 0040c720 f   Optimization.obj
 0001:0000b790       ?InSet@@YA_NV?$vector@HV?$allocator@H@std@@@std@@HH@Z 0040c790 f   Optimization.obj
 0001:0000b7d0       ?PostaviRezultatOptimizacije@OptProblem@@QAE_NAAV?$vector@VZapis@@V?$allocator@VZapis@@@std@@@std@@@Z 0040c7d0 f   Optimization.obj
 0001:0000be60       ??_H@YGXPAXIHP6EX0@Z@Z     0040ce60 f i Optimization.obj
 0001:0000be90       ?BrojRokova@@YAHW4TerminRoka@@@Z 0040ce90 f   Optimization.obj
 0001:0000bed0       ?BrojDanaZaPrikaz@@YAHW4TerminRoka@@@Z 0040ced0 f   Optimization.obj
 0001:0000bf10       ??0?$vector@JV?$allocator@J@std@@@std@@QAE@ABV01@@Z 0040cf10 f i Optimization.obj
 0001:0000bf10       ??0?$vector@HV?$allocator@H@std@@@std@@QAE@ABV01@@Z 0040cf10 f i Optimization.obj
 0001:0000bf80       ?resize@?$vector@HV?$allocator@H@std@@@std@@QAEXIABH@Z 0040cf80 f i Optimization.obj
 0001:0000c170       ?resize@?$vector@V?$vector@VParSifraPresjek@@V?$allocator@VParSifraPresjek@@@std@@@std@@V?$allocator@V?$vector@VParSifraPresjek@@V?$allocator@VParSifraPresjek@@@std@@@std@@@2@@std@@QAEXIABV?$vector@VParSifraPresjek@@V?$allocator@VParSifraPresjek@@@std@@@2@@Z 0040d170 f i Optimization.obj
 0001:0000c390       ??1?$vector@V?$basic_string@DU?$char_traits@D@std@@V?$allocator@D@2@@std@@V?$allocator@V?$basic_string@DU?$char_traits@D@std@@V?$allocator@D@2@@std@@@2@@std@@QAE@XZ 0040d390 f i Optimization.obj
 0001:0000c3f0       ??0?$vector@VParSifraPresjek@@V?$allocator@VParSifraPresjek@@@std@@@std@@QAE@ABV?$allocator@VParSifraPresjek@@@1@@Z 0040d3f0 f i Optimization.obj
 0001:0000c410       ?resize@?$vector@VParSifraPresjek@@V?$allocator@VParSifraPresjek@@@std@@@std@@QAEXIABVParSifraPresjek@@@Z 0040d410 f i Optimization.obj
 0001:0000c620       ?_Ucopy@?$vector@HV?$allocator@H@std@@@std@@IAEPAHPBH0PAH@Z 0040d620 f i Optimization.obj
 0001:0000c650       ?_Destroy@?$vector@V?$vector@VParSifraPresjek@@V?$allocator@VParSifraPresjek@@@std@@@std@@V?$allocator@V?$vector@VParSifraPresjek@@V?$allocator@VParSifraPresjek@@@std@@@std@@@2@@std@@IAEXPAV?$vector@VParSifraPresjek@@V?$allocator@VParSifraPresjek@@@std@@@2@0@Z 0040d650 f i Optimization.obj
 0001:0000c650       ?_Destroy@?$vector@V?$vector@HV?$allocator@H@std@@@std@@V?$allocator@V?$vector@HV?$allocator@H@std@@@std@@@2@@std@@IAEXPAV?$vector@HV?$allocator@H@std@@@2@0@Z 0040d650 f i Optimization.obj
 0001:0000c690       ?size@?$vector@VZapis@@V?$allocator@VZapis@@@std@@@std@@QBEIXZ 0040d690 f i Optimization.obj
 0001:0000c6c0       ?insert@?$vector@VZapis@@V?$allocator@VZapis@@@std@@@std@@QAEXPAVZapis@@IABV3@@Z 0040d6c0 f i Optimization.obj
 0001:0000c9e0       ?erase@?$vector@VZapis@@V?$allocator@VZapis@@@std@@@std@@QAEPAVZapis@@PAV3@0@Z 0040d9e0 f i Optimization.obj
 0001:0000ca30       ?_Ucopy@?$vector@V?$vector@VParSifraPresjek@@V?$allocator@VParSifraPresjek@@@std@@@std@@V?$allocator@V?$vector@VParSifraPresjek@@V?$allocator@VParSifraPresjek@@@std@@@std@@@2@@std@@IAEPAV?$vector@VParSifraPresjek@@V?$allocator@VParSifraPresjek@@@std@@@2@PBV32@0PAV32@@Z 0040da30 f i Optimization.obj
 0001:0000ca70       ?_Ufill@?$vector@V?$vector@VParSifraPresjek@@V?$allocator@VParSifraPresjek@@@std@@@std@@V?$allocator@V?$vector@VParSifraPresjek@@V?$allocator@VParSifraPresjek@@@std@@@std@@@2@@std@@IAEXPAV?$vector@VParSifraPresjek@@V?$allocator@VParSifraPresjek@@@std@@@2@IABV32@@Z 0040da70 f i Optimization.obj
 0001:0000caa0       ?_Ufill@?$vector@VParSifraPresjek@@V?$allocator@VParSifraPresjek@@@std@@@std@@IAEXPAVParSifraPresjek@@IABV3@@Z 0040daa0 f i Optimization.obj
 0001:0000caa0       ?_Ufill@?$vector@VParBrStudBrIsp@@V?$allocator@VParBrStudBrIsp@@@std@@@std@@IAEXPAVParBrStudBrIsp@@IABV3@@Z 0040daa0 f i Optimization.obj
 0001:0000cad0       ?fill@std@@YAXPAV?$vector@VParSifraPresjek@@V?$allocator@VParSifraPresjek@@@std@@@1@0ABV21@@Z 0040dad0 f i Optimization.obj
 0001:0000cc60       ?copy_backward@std@@YAPAV?$vector@VParSifraPresjek@@V?$allocator@VParSifraPresjek@@@std@@@1@PAV21@00@Z 0040dc60 f i Optimization.obj
 0001:0000ce00       ?_Construct@std@@YAXPAVParSifraPresjek@@ABV2@@Z 0040de00 f i Optimization.obj
 0001:0000ce50       ?CreateObject@COptRokDoc@@SGPAVCObject@@XZ 0040de50 f   OptRokDoc.obj
 0001:0000ceb0       ?GetRuntimeClass@COptRokDoc@@UBEPAUCRuntimeClass@@XZ 0040deb0 f   OptRokDoc.obj
 0001:0000cec0       ?GetMessageMap@COptRokDoc@@MBEPBUAFX_MSGMAP@@XZ 0040dec0 f   OptRokDoc.obj
 0001:0000ced0       ??0COptRokDoc@@IAE@XZ      0040ded0 f   OptRokDoc.obj
 0001:0000d3d0       ??_ECOptRokDoc@@UAEPAXI@Z  0040e3d0 f i OptRokDoc.obj
 0001:0000d3d0       ??_GCOptRokDoc@@UAEPAXI@Z  0040e3d0 f i OptRokDoc.obj
 0001:0000d3f0       ??1COptRokDoc@@UAE@XZ      0040e3f0 f   OptRokDoc.obj
 0001:0000d420       ?OnNewDocument@COptRokDoc@@UAEHXZ 0040e420 f   OptRokDoc.obj
 0001:0000d430       ?Serialize@COptRokDoc@@UAEXAAVCArchive@@@Z 0040e430 f   OptRokDoc.obj
 0001:0000dc50       ?OnPostaviParametreOptimizacije@COptRokDoc@@IAEXXZ 0040ec50 f   OptRokDoc.obj
 0001:0000de90       ?OnPostaviParametreRoka@COptRokDoc@@IAEXXZ 0040ee90 f   OptRokDoc.obj
 0001:0000dff0       ?OnOptimizacijaPokreni@COptRokDoc@@IAEXXZ 0040eff0 f   OptRokDoc.obj
 0001:0000e0d0       ?OnRezultatiPregledPoIspitima@COptRokDoc@@IAEXXZ 0040f0d0 f   OptRokDoc.obj
 0001:0000ec90       ?OnRezultatiPregledPoGrupamaPredmeta@COptRokDoc@@IAEXXZ 0040fc90 f   OptRokDoc.obj
 0001:0000fe10       ??_F?$vector@V?$vector@VParBrStudBrIsp@@V?$allocator@VParBrStudBrIsp@@@std@@@std@@V?$allocator@V?$vector@VParBrStudBrIsp@@V?$allocator@VParBrStudBrIsp@@@std@@@std@@@2@@std@@QAEXXZ 00410e10 f i OptRokDoc.obj
 0001:0000fe30       ?OnRezultatiPregledPoSemestrima@COptRokDoc@@IAEXXZ 00410e30 f   OptRokDoc.obj
 0001:00010810       ?OnRezultatiVizualniPrikaz@COptRokDoc@@IAEXXZ 00411810 f   OptRokDoc.obj
 0001:00010890       ?Zapisi@@YAXAAVCArchive@@VDate@@@Z 00411890 f   OptRokDoc.obj
 0001:00010910       ?Ucitaj@@YAXAAVCArchive@@AAVDate@@@Z 00411910 f   OptRokDoc.obj
 0001:000109a0       ?OnWriteAscii@COptRokDoc@@IAEXXZ 004119a0 f   OptRokDoc.obj
 0001:00010e40       ??6CArchive@@QAEAAV0@J@Z   00411e40 f i OptRokDoc.obj
 0001:00010e70       ?OnPregledIspitiIstiDan@COptRokDoc@@IAEXXZ 00411e70 f   OptRokDoc.obj
 0001:00010fe0       ??5CArchive@@QAEAAV0@AAJ@Z 00411fe0 f i OptRokDoc.obj
 0001:00011020       ?OnPregledIspunjavanjeZeljaProf@COptRokDoc@@IAEXXZ 00412020 f   OptRokDoc.obj
 0001:00011a60       ?DanIspita@COptRokDoc@@QAEHPAV1@HHW4TerminRoka@@@Z 00412a60 f   OptRokDoc.obj
 0001:00011b30       ?insert@?$vector@VParBrStudBrIsp@@V?$allocator@VParBrStudBrIsp@@@std@@@std@@QAEXPAVParBrStudBrIsp@@IABV3@@Z 00412b30 f i OptRokDoc.obj
 0001:00011b30       ?insert@?$vector@VParSifraPresjek@@V?$allocator@VParSifraPresjek@@@std@@@std@@QAEXPAVParSifraPresjek@@IABV3@@Z 00412b30 f i OptRokDoc.obj
 0001:00011db0       ?IsModified@CDocument@@UAEHXZ 00412db0 f i OptRokDoc.obj
 0001:00011dc0       ?SetModifiedFlag@CDocument@@UAEXH@Z 00412dc0 f i OptRokDoc.obj
 0001:00011dd0       ?GetMessageMap@COptRokApp@@MBEPBUAFX_MSGMAP@@XZ 00412dd0 f   OptRokova.obj
 0001:00011de0       ??0COptRokApp@@QAE@XZ      00412de0 f   OptRokova.obj
 0001:00011e00       ??_ECOptRokApp@@UAEPAXI@Z  00412e00 f i OptRokova.obj
 0001:00011e00       ??_GCOptRokApp@@UAEPAXI@Z  00412e00 f i OptRokova.obj
 0001:00011e20       ??1COptRokApp@@UAE@XZ      00412e20 f i OptRokova.obj
 0001:00011e70       ?InitInstance@COptRokApp@@UAEHXZ 00412e70 f   OptRokova.obj
 0001:00011f90       ??0CAboutDlg@@QAE@XZ       00412f90 f   OptRokova.obj
 0001:00011fb0       ??_GCAboutDlg@@UAEPAXI@Z   00412fb0 f i OptRokova.obj
 0001:00011fb0       ??_GCDlgParamOptimizacije@@UAEPAXI@Z 00412fb0 f i OptRokova.obj
 0001:00011fb0       ??_ECAboutDlg@@UAEPAXI@Z   00412fb0 f i OptRokova.obj
 0001:00011fb0       ??_ECDlgParamOptimizacije@@UAEPAXI@Z 00412fb0 f i OptRokova.obj
 0001:00011fd0       ?GetMessageMap@CAboutDlg@@MBEPBUAFX_MSGMAP@@XZ 00412fd0 f   OptRokova.obj
 0001:00011fe0       ?OnAppAbout@COptRokApp@@QAEXXZ 00412fe0 f   OptRokova.obj
 0001:00012070       ?CreateObject@COptRokView@@SGPAVCObject@@XZ 00413070 f   OptRokView.obj
 0001:000120d0       ?GetRuntimeClass@COptRokView@@UBEPAUCRuntimeClass@@XZ 004130d0 f   OptRokView.obj
 0001:000120e0       ?GetMessageMap@COptRokView@@MBEPBUAFX_MSGMAP@@XZ 004130e0 f   OptRokView.obj
 0001:000120f0       ??0COptRokView@@IAE@XZ     004130f0 f   OptRokView.obj
 0001:00012110       ??_GCOptRokView@@UAEPAXI@Z 00413110 f i OptRokView.obj
 0001:00012110       ??_ECOptRokView@@UAEPAXI@Z 00413110 f i OptRokView.obj
 0001:00012130       ??1COptRokView@@UAE@XZ     00413130 f   OptRokView.obj
 0001:00012140       ?PreCreateWindow@COptRokView@@UAEHAAUtagCREATESTRUCTA@@@Z 00413140 f   OptRokView.obj
 0001:00012150       ?OnDraw@COptRokView@@UAEXPAVCDC@@@Z 00413150 f   OptRokView.obj
 0001:00012150       ?DoDataExchange@CAboutDlg@@MAEXPAVCDataExchange@@@Z 00413150 f   OptRokView.obj
 0001:00012160       ?OnPreparePrinting@COptRokView@@MAEHPAUCPrintInfo@@@Z 00413160 f   OptRokView.obj
 0001:00012170       ?OnEndPrinting@COptRokView@@MAEXPAVCDC@@PAUCPrintInfo@@@Z 00413170 f   OptRokView.obj
 0001:00012170       ?OnBeginPrinting@COptRokView@@MAEXPAVCDC@@PAUCPrintInfo@@@Z 00413170 f   OptRokView.obj
 0001:00012210       ?CreateObject@CScrollbar@@SGPAVCObject@@XZ 00413210 f   scrollbar.obj
 0001:00012260       ?GetRuntimeClass@CScrollbar@@UBEPAUCRuntimeClass@@XZ 00413260 f   scrollbar.obj
 0001:00012270       ?GetValue@CScrollbar@@QAEJXZ 00413270 f   scrollbar.obj
 0001:00012290       ?SetMin@CScrollbar@@QAEXJ@Z 00413290 f   scrollbar.obj
 0001:000122b0       ?SetMax@CScrollbar@@QAEXJ@Z 004132b0 f   scrollbar.obj
 0001:000122d0       ?SetSmallChange@CScrollbar@@QAEXJ@Z 004132d0 f   scrollbar.obj
 0001:000122f0       ?SetLargeChange@CScrollbar@@QAEXJ@Z 004132f0 f   scrollbar.obj
 0001:000123f0       ?AfxGetMainWnd@@YGPAVCWnd@@XZ 004133f0 f i nafxcw:dlgcore.obj
 0001:00012404       ??_9@$BME@AE               00413404 f i nafxcw:dlgcore.obj
 0001:0001240c       ??_9@$BMI@AE               0041340c f i nafxcw:dlgcore.obj
 0001:00012414       _InitMultipleMonitorStubs  00413414 f   nafxcw:wincore.obj
 0001:000124ec       _xMonitorFromRect@8        004134ec f   nafxcw:wincore.obj
 0001:00012542       _xMonitorFromWindow@8      00413542 f   nafxcw:wincore.obj
 0001:000125ad       _xGetMonitorInfo@8         004135ad f   nafxcw:wincore.obj
 0001:00012640       ?GetOwner@CWnd@@QBEPAV1@XZ 00413640 f i nafxcw:wincore.obj
 0001:00012657       ??1CWaitCursor@@QAE@XZ     00413657 f i nafxcw:wincore.obj
 0001:00012664       ??_GCRgn@@UAEPAXI@Z        00413664 f i nafxcw:winctrl2.obj
 0001:00012664       ??_ECRgn@@UAEPAXI@Z        00413664 f i nafxcw:winctrl2.obj
 0001:00012680       ??1CRgn@@UAE@XZ            00413680 f i nafxcw:winctrl2.obj
 0001:000126a9       ?CreateControl@CWnd@@QAEHABU_GUID@@PBDKABUtagRECT@@PAV1@IPAVCFile@@HPAG@Z 004136a9 f   nafxcw:occcont.obj
 0001:00012707       ?CreateControl@CWnd@@QAEHABU_GUID@@PBDKPBUtagPOINT@@PBUtagSIZE@@PAV1@IPAVCFile@@HPAG@Z 00413707 f   nafxcw:occcont.obj
 0001:00012750       ?InitControlContainer@CWnd@@IAEHXZ 00413750 f   nafxcw:occcont.obj
 0001:000127f9       ?GetInterfaceMap@COleControlContainer@@MBEPBUAFX_INTERFACEMAP@@XZ 004137f9 f   nafxcw:occcont.obj
 0001:000127ff       ?GetDispatchMap@COleControlContainer@@MBEPBUAFX_DISPMAP@@XZ 004137ff f   nafxcw:occcont.obj
 0001:00012805       ??0COleControlContainer@@QAE@PAVCWnd@@@Z 00413805 f   nafxcw:occcont.obj
 0001:00012864       ??_GCOleControlContainer@@UAEPAXI@Z 00413864 f i nafxcw:occcont.obj
 0001:00012864       ??_ECOleControlContainer@@UAEPAXI@Z 00413864 f i nafxcw:occcont.obj
 0001:00012880       ??1COleControlContainer@@UAE@XZ 00413880 f   nafxcw:occcont.obj
 0001:0001295e       ?CreateControl@COleControlContainer@@QAEHPAVCWnd@@ABU_GUID@@PBDKABUtagRECT@@IPAVCFile@@HPAGPAPAVCOleControlSite@@@Z 0041395e f   nafxcw:occcont.obj
 0001:000129bf       ?CreateControl@COleControlContainer@@QAEHPAVCWnd@@ABU_GUID@@PBDKPBUtagPOINT@@PBUtagSIZE@@IPAVCFile@@HPAGPAPAVCOleControlSite@@@Z 004139bf f   nafxcw:occcont.obj
 0001:00012a7a       ?FindItem@COleControlContainer@@UBEPAVCOleControlSite@@I@Z 00413a7a f   nafxcw:occcont.obj
 0001:00012ac4       ?GetAmbientProp@COleControlContainer@@UAEHPAVCOleControlSite@@JPAUtagVARIANT@@@Z 00413ac4 f   nafxcw:occcont.obj
 0001:00012ccc       ?CreateOleFont@COleControlContainer@@QAEXPAVCFont@@@Z 00413ccc f   nafxcw:occcont.obj
 0001:00012e45       ?FreezeAllEvents@COleControlContainer@@QAEXH@Z 00413e45 f   nafxcw:occcont.obj
 0001:00012e86       ?ScrollChildren@COleControlContainer@@UAEXHH@Z 00413e86 f   nafxcw:occcont.obj
 0001:00012ee0       ?OnUIActivate@COleControlContainer@@UAEXPAVCOleControlSite@@@Z 00413ee0 f   nafxcw:occcont.obj
 0001:00012efe       ?OnUIDeactivate@COleControlContainer@@UAEXPAVCOleControlSite@@@Z 00413efe f   nafxcw:occcont.obj
 0001:00012f0e       ?CheckDlgButton@COleControlContainer@@UAEXHI@Z 00413f0e f   nafxcw:occcont.obj
 0001:00012f4b       ?CheckRadioButton@COleControlContainer@@UAEXHHH@Z 00413f4b f   nafxcw:occcont.obj
 0001:00012f73       ?GetDlgItem@COleControlContainer@@UBEPAVCWnd@@H@Z 00413f73 f   nafxcw:occcont.obj
 0001:00012f8e       ?GetDlgItem@COleControlContainer@@UBEXHPAPAUHWND__@@@Z 00413f8e f   nafxcw:occcont.obj
 0001:00012fca       ?GetDlgItemInt@COleControlContainer@@UBEIHPAHH@Z 00413fca f   nafxcw:occcont.obj
 0001:00013078       ?GetDlgItemTextA@COleControlContainer@@UBEHHPADH@Z 00414078 f   nafxcw:occcont.obj
 0001:00013097       ?SendDlgItemMessageA@COleControlContainer@@UAEJHIIJ@Z 00414097 f   nafxcw:occcont.obj
 0001:000130bc       ?SetDlgItemInt@COleControlContainer@@UAEXHIH@Z 004140bc f   nafxcw:occcont.obj
 0001:000130f9       ?SetDlgItemTextA@COleControlContainer@@UAEXHPBD@Z 004140f9 f   nafxcw:occcont.obj
 0001:00013114       ?IsDlgButtonChecked@COleControlContainer@@UBEIH@Z 00414114 f   nafxcw:occcont.obj
 0001:00013190       ?QueryInterface@XOleIPFrame@COleControlContainer@@UAGJABU_GUID@@PAPAX@Z 00414190 f   nafxcw:occcont.obj
 0001:000131a7       ?AddRef@XOleIPFrame@COleControlContainer@@UAGKXZ 004141a7 f   nafxcw:occcont.obj
 0001:000131b8       ?Release@XOleIPFrame@COleControlContainer@@UAGKXZ 004141b8 f   nafxcw:occcont.obj
 0001:000131c7       ?GetWindow@XOleIPFrame@COleControlContainer@@UAGJPAPAUHWND__@@@Z 004141c7 f   nafxcw:occcont.obj
 0001:000131dc       ?SetActiveObject@XOleIPFrame@COleControlContainer@@UAGJPAUIOleInPlaceActiveObject@@PBG@Z 004141dc f   nafxcw:occcont.obj
 0001:00013213       ?OnShowWindow@XOleClientSite@COleControlSite@@UAGJH@Z 00414213 f   nafxcw:occcont.obj
 0001:00013213       ?EnableModeless@XOleIPFrame@COleControlContainer@@UAGJH@Z 00414213 f   nafxcw:occcont.obj
 0001:00013213       ?OnFocus@XOleControlSite@COleControlSite@@UAGJH@Z 00414213 f   nafxcw:occcont.obj
 0001:00013218       ?TranslateAcceleratorA@XOleIPFrame@COleControlContainer@@UAGJPAUtagMSG@@G@Z 00414218 f   nafxcw:occcont.obj
 0001:00013218       ?TranslateAcceleratorA@XOleControlSite@COleControlSite@@UAGJPAUtagMSG@@K@Z 00414218 f   nafxcw:occcont.obj
 0001:00013218       ?InsertMenus@XOleIPFrame@COleControlContainer@@UAGJPAUHMENU__@@PAUtagOleMenuGroupWidths@@@Z 00414218 f   nafxcw:occcont.obj
 0001:00013220       ?GetInterfaceMap@CEnumUnknown@@MBEPBUAFX_INTERFACEMAP@@XZ 00414220 f   nafxcw:occcont.obj
 0001:00013226       ??1CEnumUnknown@@UAE@XZ    00414226 f   nafxcw:occcont.obj
 0001:0001327c       ??_ECEnumUnknown@@UAEPAXI@Z 0041427c f i nafxcw:occcont.obj
 0001:0001327c       ??_GCEnumUnknown@@UAEPAXI@Z 0041427c f i nafxcw:occcont.obj
 0001:00013298       ?OnNext@CEnumUnknown@@MAEHPAX@Z 00414298 f   nafxcw:occcont.obj
 0001:000132b6       ?QueryInterface@XOleContainer@COleControlContainer@@UAGJABU_GUID@@PAPAX@Z 004142b6 f   nafxcw:occcont.obj
 0001:000132cd       ?Release@XOleContainer@COleControlContainer@@UAGKXZ 004142cd f   nafxcw:occcont.obj
 0001:000132dc       ?AddRef@XOleContainer@COleControlContainer@@UAGKXZ 004142dc f   nafxcw:occcont.obj
 0001:000132ed       ?ParseDisplayName@XOleContainer@COleControlContainer@@UAGJPAUIBindCtx@@PAGPAKPAPAUIMoniker@@@Z 004142ed f   nafxcw:occcont.obj
 0001:000132f5       ?EnumObjects@XOleContainer@COleControlContainer@@UAGJKPAPAUIEnumUnknown@@@Z 004142f5 f   nafxcw:occcont.obj
 0001:00013403       ?GetFont@CWnd@@QBEPAVCFont@@XZ 00414403 f i nafxcw:occcont.obj
 0001:00013419       ??0CResourceException@@QAE@HI@Z 00414419 f i nafxcw:wingdi.obj
 0001:00013443       ??_GCResourceException@@UAEPAXI@Z 00414443 f i nafxcw:wingdi.obj
 0001:00013443       ??_ECResourceException@@UAEPAXI@Z 00414443 f i nafxcw:wingdi.obj
 0001:0001345f       ??1CResourceException@@UAE@XZ 0041445f f i nafxcw:wingdi.obj
 0001:00013466       ??0CUserException@@QAE@HI@Z 00414466 f i nafxcw:wingdi.obj
 0001:00013490       ??_GCUserException@@UAEPAXI@Z 00414490 f i nafxcw:wingdi.obj
 0001:00013490       ??_ECUserException@@UAEPAXI@Z 00414490 f i nafxcw:wingdi.obj
 0001:000134ac       ??1CUserException@@UAE@XZ  004144ac f i nafxcw:wingdi.obj
 0001:000134b3       ??_ECPen@@UAEPAXI@Z        004144b3 f i nafxcw:wingdi.obj
 0001:000134b3       ??_GCPen@@UAEPAXI@Z        004144b3 f i nafxcw:wingdi.obj
 0001:000134cf       ??1CPen@@UAE@XZ            004144cf f i nafxcw:wingdi.obj
 0001:000134f8       ??_ECBrush@@UAEPAXI@Z      004144f8 f i nafxcw:wingdi.obj
 0001:000134f8       ??_GCBrush@@UAEPAXI@Z      004144f8 f i nafxcw:wingdi.obj
 0001:00013514       ??1CBrush@@UAE@XZ          00414514 f i nafxcw:wingdi.obj
 0001:0001353d       ?PtVisible@CDC@@UBEHHH@Z   0041453d f i nafxcw:wingdi.obj
 0001:00013551       ?RectVisible@CDC@@UBEHPBUtagRECT@@@Z 00414551 f i nafxcw:wingdi.obj
 0001:00013561       ?TextOutA@CDC@@UAEHHHPBDH@Z 00414561 f i nafxcw:wingdi.obj
 0001:0001357d       ?ExtTextOutA@CDC@@UAEHHHIPBUtagRECT@@PBDIPAH@Z 0041457d f i nafxcw:wingdi.obj
 0001:000135a2       ?TabbedTextOutA@CDC@@UAE?AVCSize@@HHPBDHHPAHH@Z 004145a2 f i nafxcw:wingdi.obj
 0001:000135da       ?DrawTextA@CDC@@UAEHPBDHPAUtagRECT@@I@Z 004145da f i nafxcw:wingdi.obj
 0001:000135f6       ?GrayStringA@CDC@@UAEHPAVCBrush@@P6GHPAUHDC__@@JH@ZJHHHHH@Z 004145f6 f i nafxcw:wingdi.obj
 0001:00013626       ?Escape@CDC@@UAEHHHPBDPAX@Z 00414626 f i nafxcw:wingdi.obj
 0001:00013642       ??1CMonthCalCtrl@@UAE@XZ   00414642 f   nafxcw:winctrl5.obj
 0001:0001367a       ??1CPushRoutingFrame@@QAE@XZ 0041467a f i nafxcw:winfrm.obj
 0001:00013686       ??_GCFileException@@UAEPAXI@Z 00414686 f i nafxcw:doccore.obj
 0001:00013686       ??_ECFileException@@UAEPAXI@Z 00414686 f i nafxcw:doccore.obj
 0001:000136a2       ??1CFileException@@UAE@XZ  004146a2 f i nafxcw:doccore.obj
 0001:000136ce       ?SetFilePath@CFile@@UAEXPBD@Z 004146ce f i nafxcw:doccore.obj
 0001:000136fe       ??1?$CProcessLocal@VCOccManager@@@@QAE@XZ 004146fe f i nafxcw:occmgr.obj
 0001:00013703       ?AfxEnableControlContainer@@YAXPAVCOccManager@@@Z 00414703 f   nafxcw:occmgr.obj
 0001:0001372a       ?_AfxFindFirstDlgItem@@YGPAUDLGITEMTEMPLATE@@PBUDLGTEMPLATE@@@Z 0041472a f   nafxcw:occmgr.obj
 0001:000137b0       ?_AfxFindNextDlgItem@@YGPAUDLGITEMTEMPLATE@@PAU1@H@Z 004147b0 f   nafxcw:occmgr.obj
 0001:00013804       ?OnEvent@COccManager@@UAEHPAVCCmdTarget@@IPAUAFX_EVENT@@PAUAFX_CMDHANDLERINFO@@@Z 00414804 f   nafxcw:occmgr.obj
 0001:0001381c       ?CreateContainer@COccManager@@UAEPAVCOleControlContainer@@PAVCWnd@@@Z 0041481c f   nafxcw:occmgr.obj
 0001:00013853       ?CreateSite@COccManager@@UAEPAVCOleControlSite@@PAVCOleControlContainer@@@Z 00414853 f   nafxcw:occmgr.obj
 0001:0001388d       ?PreCreateDialog@COccManager@@UAEPBUDLGTEMPLATE@@PAU_AFX_OCC_DIALOG_INFO@@PBU2@@Z 0041488d f   nafxcw:occmgr.obj
 0001:000138d7       ?PostCreateDialog@COccManager@@UAEXPAU_AFX_OCC_DIALOG_INFO@@@Z 004148d7 f   nafxcw:occmgr.obj
 0001:000138fb       ?SplitDialogTemplate@COccManager@@UAEPAUDLGTEMPLATE@@PBU2@PAPAUDLGITEMTEMPLATE@@@Z 004148fb f   nafxcw:occmgr.obj
 0001:00013a3a       ?CreateDlgControls@COccManager@@UAEHPAVCWnd@@PBDPAU_AFX_OCC_DIALOG_INFO@@@Z 00414a3a f   nafxcw:occmgr.obj
 0001:00013a95       ?CreateDlgControls@COccManager@@UAEHPAVCWnd@@PAXPAU_AFX_OCC_DIALOG_INFO@@@Z 00414a95 f   nafxcw:occmgr.obj
 0001:00013bf0       ?BindControls@COccManager@@IAEXPAVCWnd@@@Z 00414bf0 f   nafxcw:occmgr.obj
 0001:00013d0b       ?CreateDlgControl@COccManager@@IAEPAUHWND__@@PAVCWnd@@PAU2@HPAUDLGITEMTEMPLATE@@GPAEK@Z 00414d0b f   nafxcw:occmgr.obj
 0001:00013fd6       ?CreateObject@?$CProcessLocal@VCOccManager@@@@SGPAVCNoTrackObject@@XZ 00414fd6 f i nafxcw:occmgr.obj
 0001:00013feb       ??_GCOccManager@@UAEPAXI@Z 00414feb f i nafxcw:occmgr.obj
 0001:00013feb       ??_ECOccManager@@UAEPAXI@Z 00414feb f i nafxcw:occmgr.obj
 0001:00014006       ??1CCommonDialog@@UAE@XZ   00415006 f i nafxcw:viewprnt.obj
 0001:0001400b       ??_9@$BOA@AE               0041500b f i nafxcw:viewcore.obj
 0001:00014013       ??1CPushRoutingView@@QAE@XZ 00415013 f i nafxcw:viewcore.obj
 0001:0001401f       ??0CMemoryException@@QAE@HI@Z 0041501f f i nafxcw:except.obj
 0001:00014049       ??_GCMemoryException@@UAEPAXI@Z 00415049 f i nafxcw:except.obj
 0001:00014049       ??_ECMemoryException@@UAEPAXI@Z 00415049 f i nafxcw:except.obj
 0001:00014065       ??1CMemoryException@@UAE@XZ 00415065 f i nafxcw:except.obj
 0001:0001406c       ??0CNotSupportedException@@QAE@HI@Z 0041506c f i nafxcw:except.obj
 0001:00014096       ??_ECNotSupportedException@@UAEPAXI@Z 00415096 f i nafxcw:except.obj
 0001:00014096       ??_GCNotSupportedException@@UAEPAXI@Z 00415096 f i nafxcw:except.obj
 0001:000140b2       ??1CNotSupportedException@@UAE@XZ 004150b2 f i nafxcw:except.obj
 0001:000140b9       ??_ECHandleMap@@UAEPAXI@Z  004150b9 f i nafxcw:winhand.obj
 0001:000140b9       ??_GCHandleMap@@UAEPAXI@Z  004150b9 f i nafxcw:winhand.obj
 0001:000140d5       ??1CHandleMap@@UAE@XZ      004150d5 f i nafxcw:winhand.obj
 0001:0001411d       ??_GCMenu@@UAEPAXI@Z       0041511d f i nafxcw:winmenu.obj
 0001:0001411d       ??_ECMenu@@UAEPAXI@Z       0041511d f i nafxcw:winmenu.obj
 0001:00014139       ??1CMenu@@UAE@XZ           00415139 f i nafxcw:winmenu.obj
 0001:00014162       ??0CFixedAlloc@@QAE@II@Z   00415162 f   nafxcw:fixalloc.obj
 0001:0001418a       ??1CFixedAlloc@@QAE@XZ     0041518a f   nafxcw:fixalloc.obj
 0001:0001419e       ?FreeAll@CFixedAlloc@@QAEXXZ 0041519e f   nafxcw:fixalloc.obj
 0001:000141c6       ?Alloc@CFixedAlloc@@QAEPAXXZ 004151c6 f   nafxcw:fixalloc.obj
 0001:00014255       ?Free@CFixedAlloc@@QAEXPAX@Z 00415255 f   nafxcw:fixalloc.obj
 0001:00014281       ??0CGdiObject@@QAE@XZ      00415281 f i nafxcw:wingdix.obj
 0001:0001428e       ?GetInterfaceMap@COleControlSite@@MBEPBUAFX_INTERFACEMAP@@XZ 0041528e f   nafxcw:occsite.obj
 0001:00014294       ??0COleControlSite@@QAE@PAVCOleControlContainer@@@Z 00415294 f   nafxcw:occsite.obj
 0001:0001439b       ??_ECOleControlSite@@UAEPAXI@Z 0041539b f i nafxcw:occsite.obj
 0001:0001439b       ??_GCOleControlSite@@UAEPAXI@Z 0041539b f i nafxcw:occsite.obj
 0001:000143b7       ??1COleControlSite@@UAE@XZ 004153b7 f   nafxcw:occsite.obj
 0001:000144e3       ?SetExtent@COleControlSite@@IAEHXZ 004154e3 f   nafxcw:occsite.obj
 0001:0001458b       ?CreateControl@COleControlSite@@QAEJPAVCWnd@@ABU_GUID@@PBDKPBUtagPOINT@@PBUtagSIZE@@IPAVCFile@@HPAG@Z 0041558b f   nafxcw:occsite.obj
 0001:00014828       ?DestroyControl@COleControlSite@@UAEHXZ 00415828 f   nafxcw:occsite.obj
 0001:00014857       ?_AfxCoCreateInstanceLic@@YGJABU_GUID@@PAUIUnknown@@K0PAPAXPAG@Z 00415857 f   nafxcw:occsite.obj
 0001:000148e4       ?QuickActivate@COleControlSite@@UAEHXZ 004158e4 f   nafxcw:occsite.obj
 0001:00014a85       ?CreateOrLoad@COleControlSite@@IAEJABU_GUID@@PAVCFile@@HPAG@Z 00415a85 f   nafxcw:occsite.obj
 0001:00014d8f       ?GetID@COleControlSite@@QAEIXZ 00415d8f f   nafxcw:occsite.obj
 0001:00014d8f       ?GetDlgCtrlID@COleControlSite@@UBEHXZ 00415d8f f   nafxcw:occsite.obj
 0001:00014d93       ?DoVerb@COleControlSite@@UAEJJPAUtagMSG@@@Z 00415d93 f   nafxcw:occsite.obj
 0001:00014dbf       ?IsDefaultButton@COleControlSite@@QAEHXZ 00415dbf f   nafxcw:occsite.obj
 0001:00014dd0       ?GetDefBtnCode@COleControlSite@@QAEKXZ 00415dd0 f   nafxcw:occsite.obj
 0001:00014de8       ?SetDefaultButton@COleControlSite@@QAEXH@Z 00415de8 f   nafxcw:occsite.obj
 0001:00014e38       ?ConnectSink@COleControlSite@@IAEKABU_GUID@@PAUIUnknown@@@Z 00415e38 f   nafxcw:occsite.obj
 0001:00014ea0       ?DisconnectSink@COleControlSite@@IAEXABU_GUID@@K@Z 00415ea0 f   nafxcw:occsite.obj
 0001:00014efe       ?GetEventIID@COleControlSite@@QAEHPAU_GUID@@@Z 00415efe f   nafxcw:occsite.obj
 0001:00015078       ?GetControlInfo@COleControlSite@@QAEXXZ 00416078 f   nafxcw:occsite.obj
 0001:000150c6       ?IsMatchingMnemonic@COleControlSite@@QAEHPAUtagMSG@@@Z 004160c6 f   nafxcw:occsite.obj
 0001:00015169       ?SendMnemonic@COleControlSite@@QAEXPAUtagMSG@@@Z 00416169 f   nafxcw:occsite.obj
 0001:000151b1       ?FreezeEvents@COleControlSite@@QAEXH@Z 004161b1 f   nafxcw:occsite.obj
 0001:000151e7       ?AttachWindow@COleControlSite@@IAEXXZ 004161e7 f   nafxcw:occsite.obj
 0001:00015224       ?DetachWindow@COleControlSite@@IAEXXZ 00416224 f   nafxcw:occsite.obj
 0001:00015272       ?OnEvent@COleControlSite@@IAEHPAUAFX_EVENT@@@Z 00416272 f   nafxcw:occsite.obj
 0001:000152af       ?InvokeHelperV@COleControlSite@@UAEXJGGPAXPBEPAD@Z 004162af f   nafxcw:occsite.obj
 0001:00015305       ?SetPropertyV@COleControlSite@@UAEXJGPAD@Z 00416305 f   nafxcw:occsite.obj
 0001:00015360       ?InvokeHelper@COleControlSite@@UAAXJGGPAXPBEZZ 00416360 f   nafxcw:occsite.obj
 0001:00015380       ?GetProperty@COleControlSite@@UBEXJGPAX@Z 00416380 f   nafxcw:occsite.obj
 0001:0001539c       ?SetProperty@COleControlSite@@UAAXJGZZ 0041639c f   nafxcw:occsite.obj
 0001:000153b3       ?SafeSetProperty@COleControlSite@@UAAHJGZZ 004163b3 f   nafxcw:occsite.obj
 0001:00015406       ?GetStyle@COleControlSite@@UBEKXZ 00416406 f   nafxcw:occsite.obj
 0001:000154bc       ?GetExStyle@COleControlSite@@UBEKXZ 004164bc f   nafxcw:occsite.obj
 0001:00015524       ?ModifyStyle@COleControlSite@@UAEHKKI@Z 00416524 f   nafxcw:occsite.obj
 0001:000155b4       ?ModifyStyleEx@COleControlSite@@UAEHKKI@Z 004165b4 f   nafxcw:occsite.obj
 0001:00015604       ?SetWindowTextA@COleControlSite@@UAEXPBD@Z 00416604 f   nafxcw:occsite.obj
 0001:00015637       ?GetWindowTextA@COleControlSite@@UBEXAAVCString@@@Z 00416637 f   nafxcw:occsite.obj
 0001:000156a6       ?GetWindowTextA@COleControlSite@@UBEHPADH@Z 004166a6 f   nafxcw:occsite.obj
 0001:00015701       ?GetWindowTextLengthA@COleControlSite@@UBEHXZ 00416701 f   nafxcw:occsite.obj
 0001:00015746       ?SetDlgCtrlID@COleControlSite@@UAEHH@Z 00416746 f   nafxcw:occsite.obj
 0001:00015753       ?MoveWindow@COleControlSite@@UAEXHHHHH@Z 00416753 f   nafxcw:occsite.obj
 0001:000157cd       ?SetWindowPos@COleControlSite@@UAEHPBVCWnd@@HHHHI@Z 004167cd f   nafxcw:occsite.obj
 0001:00015882       ?ShowWindow@COleControlSite@@UAEHH@Z 00416882 f   nafxcw:occsite.obj
 0001:000158c1       ?IsWindowEnabled@COleControlSite@@UBEHXZ 004168c1 f   nafxcw:occsite.obj
 0001:0001590f       ?EnableWindow@COleControlSite@@UAEHH@Z 0041690f f   nafxcw:occsite.obj
 0001:00015978       ?SetFocus@COleControlSite@@UAEPAVCWnd@@XZ 00416978 f   nafxcw:occsite.obj
 0001:000159b1       ?EnableDSC@COleControlSite@@UAEXXZ 004169b1 f   nafxcw:occsite.obj
 0001:00015a05       ?BindDefaultProperty@COleControlSite@@UAEXJGPBDPAVCWnd@@@Z 00416a05 f   nafxcw:occsite.obj
 0001:00015aa7       ?BindProperty@COleControlSite@@UAEXJPAVCWnd@@@Z 00416aa7 f   nafxcw:occsite.obj
 0001:00015bbd       ?AddRef@XOleClientSite@COleControlSite@@UAGKXZ 00416bbd f   nafxcw:occsite.obj
 0001:00015bd0       ?Release@XOleClientSite@COleControlSite@@UAGKXZ 00416bd0 f   nafxcw:occsite.obj
 0001:00015be2       ?QueryInterface@XOleClientSite@COleControlSite@@UAGJABU_GUID@@PAPAX@Z 00416be2 f   nafxcw:occsite.obj
 0001:00015bfc       ?SaveObject@XOleClientSite@COleControlSite@@UAGJXZ 00416bfc f   nafxcw:occsite.obj
 0001:00015bfc       ?ShowPropertyFrame@XOleControlSite@COleControlSite@@UAGJXZ 00416bfc f   nafxcw:occsite.obj
 0001:00015bfc       ?RequestNewObjectLayout@XOleClientSite@COleControlSite@@UAGJXZ 00416bfc f   nafxcw:occsite.obj
 0001:00015c04       ?GetTypeInfo@XAmbientProps@COleControlSite@@UAGJIKPAPAUITypeInfo@@@Z 00416c04 f   nafxcw:occsite.obj
 0001:00015c04       ?GetMoniker@XOleClientSite@COleControlSite@@UAGJKKPAPAUIMoniker@@@Z 00416c04 f   nafxcw:occsite.obj
 0001:00015c04       ?SetMenu@XOleIPFrame@COleControlContainer@@UAGJPAUHMENU__@@PAXPAUHWND__@@@Z 00416c04 f   nafxcw:occsite.obj
 0001:00015c04       ?GetTypeInfo@XEventSink@COleControlSite@@UAGJIKPAPAUITypeInfo@@@Z 00416c04 f   nafxcw:occsite.obj
 0001:00015c0c       ?GetContainer@XOleClientSite@COleControlSite@@UAGJPAPAUIOleContainer@@@Z 00416c0c f   nafxcw:occsite.obj
 0001:00015c27       ?ShowObject@XOleClientSite@COleControlSite@@UAGJXZ 00416c27 f   nafxcw:occsite.obj
 0001:00015c3b       ?AddRef@XOleIPSite@COleControlSite@@UAGKXZ 00416c3b f   nafxcw:occsite.obj
 0001:00015c4e       ?Release@XOleIPSite@COleControlSite@@UAGKXZ 00416c4e f   nafxcw:occsite.obj
 0001:00015c60       ?QueryInterface@XOleIPSite@COleControlSite@@UAGJABU_GUID@@PAPAX@Z 00416c60 f   nafxcw:occsite.obj
 0001:00015c7a       ?GetWindow@XOleIPSite@COleControlSite@@UAGJPAPAUHWND__@@@Z 00416c7a f   nafxcw:occsite.obj
 0001:00015ca5       ?SetBorderSpace@XOleIPFrame@COleControlContainer@@UAGJPBUtagRECT@@@Z 00416ca5 f   nafxcw:occsite.obj
 0001:00015ca5       ?LockInPlaceActive@XOleControlSite@COleControlSite@@UAGJH@Z 00416ca5 f   nafxcw:occsite.obj
 0001:00015ca5       ?GetTypeInfoCount@XAmbientProps@COleControlSite@@UAGJPAI@Z 00416ca5 f   nafxcw:occsite.obj
 0001:00015ca5       ?GetExtendedControl@XOleControlSite@COleControlSite@@UAGJPAPAUIDispatch@@@Z 00416ca5 f   nafxcw:occsite.obj
 0001:00015ca5       ?GetBorder@XOleIPFrame@COleControlContainer@@UAGJPAUtagRECT@@@Z 00416ca5 f   nafxcw:occsite.obj
 0001:00015ca5       ?RequestBorderSpace@XOleIPFrame@COleControlContainer@@UAGJPBUtagRECT@@@Z 00416ca5 f   nafxcw:occsite.obj
 0001:00015ca5       ?SetStatusText@XOleIPFrame@COleControlContainer@@UAGJPBG@Z 00416ca5 f   nafxcw:occsite.obj
 0001:00015ca5       ?RemoveMenus@XOleIPFrame@COleControlContainer@@UAGJPAUHMENU__@@@Z 00416ca5 f   nafxcw:occsite.obj
 0001:00015ca5       ?LockContainer@XOleContainer@COleControlContainer@@UAGJH@Z 00416ca5 f   nafxcw:occsite.obj
 0001:00015ca5       ?GetTypeInfoCount@XEventSink@COleControlSite@@UAGJPAI@Z 00416ca5 f   nafxcw:occsite.obj
 0001:00015ca5       ?ContextSensitiveHelp@XOleIPFrame@COleControlContainer@@UAGJH@Z 00416ca5 f   nafxcw:occsite.obj
 0001:00015ca5       ?ContextSensitiveHelp@XOleIPSite@COleControlSite@@UAGJH@Z 00416ca5 f   nafxcw:occsite.obj
 0001:00015cad       ?OnUIActivate@XOleIPSite@COleControlSite@@UAGJXZ 00416cad f   nafxcw:occsite.obj
 0001:00015cc4       ?GetWindowContext@XOleIPSite@COleControlSite@@UAGJPAPAUIOleInPlaceFrame@@PAPAUIOleInPlaceUIWindow@@PAUtagRECT@@2PAUtagOIFI@@@Z 00416cc4 f   nafxcw:occsite.obj
 0001:00015d3c       ?Scroll@XOleIPSite@COleControlSite@@UAGJUtagSIZE@@@Z 00416d3c f   nafxcw:occsite.obj
 0001:00015d42       ?OnUIDeactivate@XOleIPSite@COleControlSite@@UAGJH@Z 00416d42 f   nafxcw:occsite.obj
 0001:00015d59       ?OnInPlaceDeactivate@XOleIPSite@COleControlSite@@UAGJXZ 00416d59 f   nafxcw:occsite.obj
 0001:00015d6d       ?Release@XNotifyDBEvents@COleControlSite@@UAGKXZ 00416d6d f   nafxcw:occsite.obj
 0001:00015d6d       ?Release@XRowsetNotify@COleControlSite@@UAGKXZ 00416d6d f   nafxcw:occsite.obj
 0001:00015d6d       ?Release@XEventSink@COleControlSite@@UAGKXZ 00416d6d f   nafxcw:occsite.obj
 0001:00015d6d       ?OnInPlaceActivate@XOleIPSite@COleControlSite@@UAGJXZ 00416d6d f   nafxcw:occsite.obj
 0001:00015d6d       ?DiscardUndoState@XOleIPSite@COleControlSite@@UAGJXZ 00416d6d f   nafxcw:occsite.obj
 0001:00015d6d       ?Release@XPropertyNotifySink@COleControlSite@@UAGKXZ 00416d6d f   nafxcw:occsite.obj
 0001:00015d6d       ?CanInPlaceActivate@XOleIPSite@COleControlSite@@UAGJXZ 00416d6d f   nafxcw:occsite.obj
 0001:00015d72       ?DeactivateAndUndo@XOleIPSite@COleControlSite@@UAGJXZ 00416d72 f   nafxcw:occsite.obj
 0001:00015d84       ?OnPosRectChange@XOleIPSite@COleControlSite@@UAGJPBUtagRECT@@@Z 00416d84 f   nafxcw:occsite.obj
 0001:00015dd7       ?AddRef@XOleControlSite@COleControlSite@@UAGKXZ 00416dd7 f   nafxcw:occsite.obj
 0001:00015dea       ?Release@XOleControlSite@COleControlSite@@UAGKXZ 00416dea f   nafxcw:occsite.obj
 0001:00015dfc       ?QueryInterface@XOleControlSite@COleControlSite@@UAGJABU_GUID@@PAPAX@Z 00416dfc f   nafxcw:occsite.obj
 0001:00015e16       ?OnControlInfoChanged@XOleControlSite@COleControlSite@@UAGJXZ 00416e16 f   nafxcw:occsite.obj
 0001:00015e2a       ?TransformCoords@XOleControlSite@COleControlSite@@UAGJPAU_POINTL@@PAUtagPOINTF@@K@Z 00416e2a f   nafxcw:occsite.obj
 0001:00015f2c       ?AddRef@XAmbientProps@COleControlSite@@UAGKXZ 00416f2c f   nafxcw:occsite.obj
 0001:00015f3f       ?Release@XAmbientProps@COleControlSite@@UAGKXZ 00416f3f f   nafxcw:occsite.obj
 0001:00015f51       ?QueryInterface@XAmbientProps@COleControlSite@@UAGJABU_GUID@@PAPAX@Z 00416f51 f   nafxcw:occsite.obj
 0001:00015f6b       ?Invoke@XAmbientProps@COleControlSite@@UAGJJABU_GUID@@KGPAUtagDISPPARAMS@@PAUtagVARIANT@@PAUtagEXCEPINFO@@PAI@Z 00416f6b f   nafxcw:occsite.obj
 0001:00015f9c       ?QueryInterface@XPropertyNotifySink@COleControlSite@@UAGJABU_GUID@@PAPAX@Z 00416f9c f   nafxcw:occsite.obj
 0001:00015fe6       ?AddRef@XRowsetNotify@COleControlSite@@UAGKXZ 00416fe6 f   nafxcw:occsite.obj
 0001:00015fe6       ?AddRef@XEventSink@COleControlSite@@UAGKXZ 00416fe6 f   nafxcw:occsite.obj
 0001:00015fe6       ?AddRef@XPropertyNotifySink@COleControlSite@@UAGKXZ 00416fe6 f   nafxcw:occsite.obj
 0001:00015fe6       ?AddRef@XNotifyDBEvents@COleControlSite@@UAGKXZ 00416fe6 f   nafxcw:occsite.obj
 0001:00015fec       ?OnChanged@XPropertyNotifySink@COleControlSite@@UAGJJ@Z 00416fec f   nafxcw:occsite.obj
 0001:00016102       ?OnRequestEdit@XPropertyNotifySink@COleControlSite@@UAGJJ@Z 00417102 f   nafxcw:occsite.obj
 0001:00016157       ?QueryInterface@XEventSink@COleControlSite@@UAGJABU_GUID@@PAPAX@Z 00417157 f   nafxcw:occsite.obj
 0001:000161bb       ?GetIDsOfNames@XAmbientProps@COleControlSite@@UAGJABU_GUID@@PAPAGIKPAJ@Z 004171bb f   nafxcw:occsite.obj
 0001:000161bb       ?GetIDsOfNames@XEventSink@COleControlSite@@UAGJABU_GUID@@PAPAGIKPAJ@Z 004171bb f   nafxcw:occsite.obj
 0001:000161c3       ?Invoke@XEventSink@COleControlSite@@UAGJJABU_GUID@@KGPAUtagDISPPARAMS@@PAUtagVARIANT@@PAUtagEXCEPINFO@@PAI@Z 004171c3 f   nafxcw:occsite.obj
 0001:00016218       ??0CDataSourceControl@@QAE@PAVCOleControlSite@@@Z 00417218 f   nafxcw:occsite.obj
 0001:00016266       ??1CDataSourceControl@@QAE@XZ 00417266 f   nafxcw:occsite.obj
 0001:00016446       ?ReleaseAccessors@CAccessorBase@ATL@@QAEJPAUIUnknown@@@Z 00417446 f i nafxcw:occsite.obj
 0001:000164cd       ??1CRowset@ATL@@QAE@XZ     004174cd f i nafxcw:occsite.obj
 0001:00016518       ?Close@CRowset@ATL@@QAEXXZ 00417518 f i nafxcw:occsite.obj
 0001:00016547       ?ReleaseRows@CRowset@ATL@@QAEJXZ 00417547 f i nafxcw:occsite.obj
 0001:00016567       ?Close@CDynamicAccessor@ATL@@QAEXXZ 00417567 f i nafxcw:occsite.obj
 0001:000165a1       ?Initialize@CDataSourceControl@@QAEJXZ 004175a1 f   nafxcw:occsite.obj
 0001:00016743       ?GetCursor@CDataSourceControl@@UAEPAUIUnknown@@XZ 00417743 f   nafxcw:occsite.obj
 0001:000167ac       ?GetMetaData@CDataSourceControl@@QAEJXZ 004177ac f   nafxcw:occsite.obj
 0001:00016acc       ??0CRowset@ATL@@QAE@PAUIRowset@@@Z 00417acc f i nafxcw:occsite.obj
 0001:00016b1d       ?MoveFirst@CRowset@ATL@@QAEJXZ 00417b1d f i nafxcw:occsite.obj
 0001:00016b40       ?MoveNext@CRowset@ATL@@QAEJJ_N@Z 00417b40 f i nafxcw:occsite.obj
 0001:00016b99       ?GetData@CRowset@ATL@@QAEJXZ 00417b99 f i nafxcw:occsite.obj
 0001:00016bcd       ?GetData@CRowset@ATL@@QAEJH@Z 00417bcd f i nafxcw:occsite.obj
 0001:00016bf0       ?SetupOptionalRowsetInterfaces@CRowset@ATL@@QAEXXZ 00417bf0 f i nafxcw:occsite.obj
 0001:00016c05       ?BindColumns@CDynamicAccessor@ATL@@QAEJPAUIUnknown@@@Z 00417c05 f i nafxcw:occsite.obj
 0001:00016eb6       ?AllocateAccessorMemory@CAccessorBase@ATL@@QAEJH@Z 00417eb6 f i nafxcw:occsite.obj
 0001:00016f12       ?BindEntries@CAccessorBase@ATL@@SAJPAUtagDBBINDING@@HPAKKPAUIAccessor@@@Z 00417f12 f i nafxcw:occsite.obj
 0001:00016f5c       ?Bind@CAccessorBase@ATL@@SAXPAUtagDBBINDING@@KGKEEKKKKPAUtagDBOBJECT@@@Z 00417f5c f i nafxcw:occsite.obj
 0001:00016fdb       ?CopyColumnID@CDataSourceControl@@QAEHPAUtagDBCOLUMNID@@PBU2@@Z 00417fdb f   nafxcw:occsite.obj
 0001:00017047       ?BindProp@CDataSourceControl@@UAEXPAVCOleControlSite@@H@Z 00418047 f   nafxcw:occsite.obj
 0001:00017183       ?TranslateColumnNo@CDynamicAccessor@ATL@@QBE_NAAK@Z 00418183 f i nafxcw:occsite.obj
 0001:000171d6       ?BindProp@CDataSourceControl@@UAEXPAVCDataBoundProperty@@H@Z 004181d6 f   nafxcw:occsite.obj
 0001:0001721e       ?BindColumns@CDataSourceControl@@UAEXXZ 0041821e f   nafxcw:occsite.obj
 0001:000173c8       ?GetBoundClientRow@CDataSourceControl@@QAEJXZ 004183c8 f   nafxcw:occsite.obj
 0001:00017425       ?ToVariant@CDataSourceControl@@QAE?AVCOleVariant@@H@Z 00418425 f   nafxcw:occsite.obj
 0001:00017ba1       ?GetStatus@CDynamicAccessor@ATL@@QBE_NKPAK@Z 00418ba1 f i nafxcw:occsite.obj
 0001:00017be5       ?_GetDataPtr@CDynamicAccessor@ATL@@QBEPAXK@Z 00418be5 f i nafxcw:occsite.obj
 0001:00017bfc       ?UpdateControls@CDataSourceControl@@UAEJXZ 00418bfc f   nafxcw:occsite.obj
 0001:00017d91       ?UpdateCursor@CDataSourceControl@@UAEJXZ 00418d91 f   nafxcw:occsite.obj
 0001:000186d4       ?SetData@CRowset@ATL@@QBEJXZ 004196d4 f i nafxcw:occsite.obj
 0001:000186fc       ?SetData@CRowset@ATL@@QBEJH@Z 004196fc f i nafxcw:occsite.obj
 0001:0001872b       ??1CManualAccessor@ATL@@QAE@XZ 0041972b f i nafxcw:occsite.obj
 0001:00018742       ?CreateAccessor@CManualAccessor@ATL@@QAEJHPAXK@Z 00419742 f i nafxcw:occsite.obj
 0001:000187b9       ?AddBindEntry@CManualAccessor@ATL@@QAEXKGKPAX00@Z 004197b9 f i nafxcw:occsite.obj
 0001:0001880d       ?BindColumns@CManualAccessor@ATL@@QAEJPAUIUnknown@@@Z 0041980d f i nafxcw:occsite.obj
 0001:000188a5       ??0CDataBoundProperty@@QAE@PAV0@JG@Z 004198a5 f   nafxcw:occsite.obj
 0001:000188cb       ?SetClientSite@CDataBoundProperty@@QAEXPAVCOleControlSite@@@Z 004198cb f   nafxcw:occsite.obj
 0001:000188d4       ?SetDSCSite@CDataBoundProperty@@QAEXPAVCOleControlSite@@@Z 004198d4 f   nafxcw:occsite.obj
 0001:000188e8       ?GetNext@CDataBoundProperty@@QAEPAV1@XZ 004198e8 f   nafxcw:occsite.obj
 0001:000188ec       ?Notify@CDataBoundProperty@@QAEXXZ 004198ec f   nafxcw:occsite.obj
 0001:0001896f       ?GetCursor@CDataBoundProperty@@QAEPAUIUnknown@@XZ 0041996f f   nafxcw:occsite.obj
 0001:000189a5       ?GetCursor@COleControlSite@@IAEJJPAPAUIUnknown@@PAPAX@Z 004199a5 f   nafxcw:occsite.obj
 0001:000189dc       ?AddRef@XBoundObjectSite@COleControlSite@@UAGKXZ 004199dc f   nafxcw:occsite.obj
 0001:000189ee       ?Release@XBoundObjectSite@COleControlSite@@UAGKXZ 004199ee f   nafxcw:occsite.obj
 0001:00018a00       ?QueryInterface@XBoundObjectSite@COleControlSite@@UAGJABU_GUID@@PAPAX@Z 00419a00 f   nafxcw:occsite.obj
 0001:00018a1a       ?GetCursor@XBoundObjectSite@COleControlSite@@UAGJJPAPAUICursor@@PAPAX@Z 00419a1a f   nafxcw:occsite.obj
 0001:00018a38       ?QueryInterface@XNotifyDBEvents@COleControlSite@@UAGJABU_GUID@@PAPAX@Z 00419a38 f   nafxcw:occsite.obj
 0001:00018a82       ?OKToDo@XNotifyDBEvents@COleControlSite@@UAGJKKQAUtagDBNOTIFYREASON@@@Z 00419a82 f   nafxcw:occsite.obj
 0001:00018ade       ?Cancelled@XNotifyDBEvents@COleControlSite@@UAGJKKQAUtagDBNOTIFYREASON@@@Z 00419ade f   nafxcw:occsite.obj
 0001:00018afe       ?SyncBefore@XNotifyDBEvents@COleControlSite@@UAGJKKQAUtagDBNOTIFYREASON@@@Z 00419afe f   nafxcw:occsite.obj
 0001:00018b48       ?AboutToDo@XNotifyDBEvents@COleControlSite@@UAGJKKQAUtagDBNOTIFYREASON@@@Z 00419b48 f   nafxcw:occsite.obj
 0001:00018b68       ?FailedToDo@XNotifyDBEvents@COleControlSite@@UAGJKKQAUtagDBNOTIFYREASON@@@Z 00419b68 f   nafxcw:occsite.obj
 0001:00018b88       ?SyncAfter@XNotifyDBEvents@COleControlSite@@UAGJKKQAUtagDBNOTIFYREASON@@@Z 00419b88 f   nafxcw:occsite.obj
 0001:00018bf1       ?DidEvent@XNotifyDBEvents@COleControlSite@@UAGJKKQAUtagDBNOTIFYREASON@@@Z 00419bf1 f   nafxcw:occsite.obj
 0001:00018c3f       ?FireEvent@XNotifyDBEvents@COleControlSite@@QAEJKKQAUtagDBNOTIFYREASON@@W4DSCSTATE@@@Z 00419c3f f   nafxcw:occsite.obj
 0001:00018d03       ?QueryInterface@XRowsetNotify@COleControlSite@@UAGJABU_GUID@@PAPAX@Z 00419d03 f   nafxcw:occsite.obj
 0001:00018d4d       ?OnFieldChange@XRowsetNotify@COleControlSite@@UAGJPAUIRowset@@KKQAKKKH@Z 00419d4d f   nafxcw:occsite.obj
 0001:00018dde       ?OnRowChange@XRowsetNotify@COleControlSite@@UAGJPAUIRowset@@KQBKKKH@Z 00419dde f   nafxcw:occsite.obj
 0001:00018ef3       ?OnRowsetChange@XRowsetNotify@COleControlSite@@UAGJPAUIRowset@@KKH@Z 00419ef3 f   nafxcw:occsite.obj
 0001:00018f6d       ??1?$CComPtr@UIColumnsInfo@@@ATL@@QAE@XZ 00419f6d f i nafxcw:occsite.obj
 0001:00018f6d       ??1?$CComPtr@UIRowset@@@ATL@@QAE@XZ 00419f6d f i nafxcw:occsite.obj
 0001:00018f6d       ??1?$CComPtr@UIRowsetChange@@@ATL@@QAE@XZ 00419f6d f i nafxcw:occsite.obj
 0001:00018f6d       ??1?$CComPtr@UIAccessor@@@ATL@@QAE@XZ 00419f6d f i nafxcw:occsite.obj
 0001:00018f7a       ?AtlComPtrAssign@ATL@@YGPAUIUnknown@@PAPAU2@PAU2@@Z 00419f7a f i nafxcw:occsite.obj
 0001:00018fa3       ??1COleDispatchDriver@@QAE@XZ 00419fa3 f i nafxcw:occsite.obj
 0001:00018fa8       ??1COleVariant@@QAE@XZ     00419fa8 f i nafxcw:occsite.obj
 0001:00018fb0       ??0AFX_EVENT@@QAE@H@Z      00419fb0 f i nafxcw:occsite.obj
 0001:00018fd3       ?AfxCheckError@@YGXJ@Z     00419fd3 f   nafxcw:olevar.obj
 0001:00018ff2       ??0COleVariant@@QAE@ABV0@@Z 00419ff2 f   nafxcw:olevar.obj
 0001:00018ff2       ??0COleVariant@@QAE@ABUtagVARIANT@@@Z 00419ff2 f   nafxcw:olevar.obj
 0001:00018ff2       ??0COleVariant@@QAE@PBUtagVARIANT@@@Z 00419ff2 f   nafxcw:olevar.obj
 0001:00019012       ??0COleVariant@@QAE@PBDG@Z 0041a012 f   nafxcw:olevar.obj
 0001:0001908d       ??0COleVariant@@QAE@FG@Z   0041a08d f   nafxcw:olevar.obj
 0001:000190c3       ??0COleVariant@@QAE@JG@Z   0041a0c3 f   nafxcw:olevar.obj
 0001:00019105       ?ChangeType@COleVariant@@QAEXGPAUtagVARIANT@@@Z 0041a105 f   nafxcw:olevar.obj
 0001:00019130       ??4COleVariant@@QAEABV0@ABUtagVARIANT@@@Z 0041a130 f   nafxcw:olevar.obj
 0001:00019130       ??4COleVariant@@QAEABV0@ABV0@@Z 0041a130 f   nafxcw:olevar.obj
 0001:0001914a       ?AfxVariantInit@@YGXPAUtagVARIANT@@@Z 0041a14a f   nafxcw:olevar.obj
 0001:0001915d       ?_AfxOleDateFromTm@@YGHGGGGGGAAN@Z 0041a15d f   nafxcw:olevar.obj
 0001:0001929a       ?SetDateTime@COleDateTime@@QAEHHHHHHH@Z 0041a29a f   nafxcw:olevar.obj
 0001:000192c5       ??_ECOleException@@UAEPAXI@Z 0041a2c5 f i nafxcw:olemisc.obj
 0001:000192c5       ??_GCOleException@@UAEPAXI@Z 0041a2c5 f i nafxcw:olemisc.obj
 0001:000192e1       ??1COleException@@UAE@XZ   0041a2e1 f i nafxcw:olemisc.obj
 0001:000192e8       ??0CPoint@@QAE@K@Z         0041a2e8 f i nafxcw:barcore.obj
 0001:000192ff       ?OnCancelMode@CWnd@@IAEXXZ 0041a2ff f i nafxcw:barcore.obj
 0001:00019304       ?OnEraseBkgnd@CWnd@@IAEHPAVCDC@@@Z 0041a304 f i nafxcw:barcore.obj
 0001:0001930c       ?OnShowWindow@CWnd@@IAEXHI@Z 0041a30c f i nafxcw:barcore.obj
 0001:00019314       ??_ECArchiveException@@UAEPAXI@Z 0041a314 f i nafxcw:arcex.obj
 0001:00019314       ??_GCArchiveException@@UAEPAXI@Z 0041a314 f i nafxcw:arcex.obj
 0001:00019330       ??1CArchiveException@@UAE@XZ 0041a330 f i nafxcw:arcex.obj
 0001:0001935c       ??0CString@@QAE@XZ         0041a35c f i nafxcw:filelist.obj
 0001:00019367       ?OnEvent@CCmdTarget@@QAEHIPAUAFX_EVENT@@PAUAFX_CMDHANDLERINFO@@@Z 0041a367 f   nafxcw:occevent.obj
 0001:00019579       ?GetEventSinkEntry@CCmdTarget@@IAGPBUAFX_EVENTSINKMAP_ENTRY@@IPAUAFX_EVENT@@@Z 0041a579 f   nafxcw:occevent.obj
 0001:000195ee       ?_AfxGetDlgCode@@YGKPAVCWnd@@PAUtagMSG@@@Z 0041a5ee f   nafxcw:occdlg.obj
 0001:0001961c       ?_AfxDlgSetFocus@@YGXPAVCWnd@@@Z 0041a61c f   nafxcw:occdlg.obj
 0001:0001964a       ?_AfxGetChildControl@@YGPAVCWnd@@PAV1@0@Z 0041a64a f   nafxcw:occdlg.obj
 0001:000196a3       ?_AfxNextControl@@YGPAVCWnd@@PAV1@0I@Z 0041a6a3 f   nafxcw:occdlg.obj
 0001:0001977f       ?IsMatchingMnemonic@COccManager@@SAHPAVCWnd@@PAUtagMSG@@@Z 0041a77f f   nafxcw:occdlg.obj
 0001:0001979e       ?_AfxFindNextMnem@@YGPAVCWnd@@PAV1@0PAUtagMSG@@@Z 0041a79e f   nafxcw:occdlg.obj
 0001:00019823       ?IsLabelControl@COccManager@@SAHPAVCWnd@@@Z 0041a823 f   nafxcw:occdlg.obj
 0001:00019849       ?_AfxGetNextMnem@@YGPAVCWnd@@PAV1@0PAUtagMSG@@@Z 0041a849 f   nafxcw:occdlg.obj
 0001:000198be       ?UIActivateControl@COccManager@@KAXPAVCWnd@@@Z 0041a8be f   nafxcw:occdlg.obj
 0001:0001991b       ?UIDeactivateIfNecessary@COccManager@@KAXPAVCWnd@@0@Z 0041a91b f   nafxcw:occdlg.obj
 0001:0001998e       ?_AfxFindDlgItem@@YGPAVCWnd@@PAV1@K@Z 0041a98e f   nafxcw:occdlg.obj
 0001:000199e5       ?SetDefaultButton@COccManager@@SAXPAVCWnd@@H@Z 0041a9e5 f   nafxcw:occdlg.obj
 0001:00019a32       ?GetDefBtnCode@COccManager@@SAKPAVCWnd@@@Z 0041aa32 f   nafxcw:occdlg.obj
 0001:00019a53       ?_AfxRemoveDefaultButton@@YGXPAVCWnd@@0@Z 0041aa53 f   nafxcw:occdlg.obj
 0001:00019ab5       ?_AfxOriginalDefButton@@YGHPAVCWnd@@@Z 0041aab5 f   nafxcw:occdlg.obj
 0001:00019ae2       ?_AfxCheckDefPushButton@@YGXPAVCWnd@@00@Z 0041aae2 f   nafxcw:occdlg.obj
 0001:00019bcf       ?IsDialogMessageA@COccManager@@UAEHPAVCWnd@@PAUtagMSG@@@Z 0041abcf f   nafxcw:occdlg.obj
 0001:00019fba       ?AfxOleUnlockAllControls@@YGXXZ 0041afba f   nafxcw:occlock.obj
 0001:00019ff6       _fclose                    0041aff6 f   libcmt:fclose.obj
 0001:0001a027       __fclose_lk                0041b027 f   libcmt:fclose.obj
 0001:0001a073       _puts                      0041b073 f   libcmt:puts.obj
 0001:0001a0eb       _atol                      0041b0eb f   libcmt:atox.obj
 0001:0001a176       _atoi                      0041b176 f   libcmt:atox.obj
 0001:0001a1a0       _strchr                    0041b1a0 f   libcmt:strchr.obj
 0001:0001a1a6       ___from_strstr_to_strchr   0041b1a6 f   libcmt:strchr.obj
 0001:0001a25c       _fgets                     0041b25c f   libcmt:fgets.obj
 0001:0001a2be       _printf                    0041b2be f   libcmt:printf.obj
 0001:0001a2ff       __fsopen                   0041b2ff f   libcmt:fopen.obj
 0001:0001a330       _fopen                     0041b330 f   libcmt:fopen.obj
 0001:0001a343       ?_JumpToContinuation@@YGXPAXPAUEHRegistrationNode@@@Z 0041b343 f   libcmt:trnsctrl.obj
 0001:0001a377       ?_CallMemberFunction1@@YGXPAX00@Z 0041b377 f   libcmt:trnsctrl.obj
 0001:0001a377       ?_CallMemberFunction0@@YGXPAX0@Z 0041b377 f   libcmt:trnsctrl.obj
 0001:0001a37e       ?_CallMemberFunction2@@YGXPAX00H@Z 0041b37e f   libcmt:trnsctrl.obj
 0001:0001a385       ?_UnwindNestedFrames@@YGXPAUEHRegistrationNode@@PAUEHExceptionRecord@@@Z 0041b385 f   libcmt:trnsctrl.obj
 0001:0001a3d4       ___CxxFrameHandler         0041b3d4 f   libcmt:trnsctrl.obj
 0001:0001a40a       ?_CallCatchBlock2@@YAPAXPAUEHRegistrationNode@@PBU_s_FuncInfo@@PAXHK@Z 0041b40a f   libcmt:trnsctrl.obj
 0001:0001a483       ?_CallSETranslator@@YAHPAUEHExceptionRecord@@PAUEHRegistrationNode@@PAX2PBU_s_FuncInfo@@H1@Z 0041b483 f   libcmt:trnsctrl.obj
 0001:0001a5ae       ?_GetRangeOfTrysToCheck@@YAPBU_s_TryBlockMapEntry@@PBU_s_FuncInfo@@HHPAI1@Z 0041b5ae f   libcmt:trnsctrl.obj
 0001:0001a62c       __global_unwind2           0041b62c f   libcmt:exsup.obj
 0001:0001a66e       __local_unwind2            0041b66e f   libcmt:exsup.obj
 0001:0001a6c6       __NLG_Return2              0041b6c6 f   libcmt:exsup.obj
 0001:0001a6d6       __abnormal_termination     0041b6d6 f   libcmt:exsup.obj
 0001:0001a6f9       __NLG_Notify1              0041b6f9 f   libcmt:exsup.obj
 0001:0001a702       __NLG_Notify               0041b702 f   libcmt:exsup.obj
 0001:0001a715       __NLG_Dispatch             0041b715 f   libcmt:exsup.obj
 0001:0001a71a       _fscanf                    0041b71a f   libcmt:fscanf.obj
 0001:0001a747       _rewind                    0041b747 f   libcmt:rewind.obj
 0001:0001a7ab       _sscanf                    0041b7ab f   libcmt:sscanf.obj
 0001:0001a7df       __fpmath                   0041b7df f   libcmt:fpinit.obj
 0001:0001a7f6       __fpclear                  0041b7f6 f   libcmt:fpinit.obj
 0001:0001a7f7       __cfltcvt_init             0041b7f7 f   libcmt:fpinit.obj
 0001:0001a830       __ftol                     0041b830 f   libcmt:ftol.obj
 0001:0001a857       ??_Gexception@@UAEPAXI@Z   0041b857 f i libcmt:stdexcpt.obj
 0001:0001a857       ??_Eexception@@UAEPAXI@Z   0041b857 f i libcmt:stdexcpt.obj
 0001:0001a873       ??0exception@@QAE@ABQBD@Z  0041b873 f   libcmt:stdexcpt.obj
 0001:0001a8b0       ??0exception@@QAE@ABV0@@Z  0041b8b0 f   libcmt:stdexcpt.obj
 0001:0001a8fa       ??1exception@@UAE@XZ       0041b8fa f   libcmt:stdexcpt.obj
 0001:0001a910       ?what@exception@@UBEPBDXZ  0041b910 f   libcmt:stdexcpt.obj
 0001:0001a91d       ??1type_info@@UAE@XZ       0041b91d f   libcmt:typinfo.obj
 0001:0001a946       ??_Etype_info@@UAEPAXI@Z   0041b946 f i libcmt:typinfo.obj
 0001:0001a946       ??_Gtype_info@@UAEPAXI@Z   0041b946 f i libcmt:typinfo.obj
 0001:0001a962       __CxxThrowException@8      0041b962 f   libcmt:throw.obj
 0001:0001a9a0       _memmove                   0041b9a0 f   libcmt:memmove.obj
 0001:0001acd5       _sprintf                   0041bcd5 f   libcmt:sprintf.obj
 0001:0001ad30       _memchr                    0041bd30 f   libcmt:memchr.obj
 0001:0001ade0       _strcspn                   0041bde0 f   libcmt:strcspn.obj
 0001:0001ae1e       __onexit                   0041be1e f   libcmt:onexit.obj
 0001:0001ae9c       _atexit                    0041be9c f   libcmt:onexit.obj
 0001:0001aeae       ___onexitinit              0041beae f   libcmt:onexit.obj
 0001:0001aedd       _time                      0041bedd f   libcmt:time.obj
 0001:0001afb9       _srand                     0041bfb9 f   libcmt:rand.obj
 0001:0001afc6       _rand                      0041bfc6 f   libcmt:rand.obj
 0001:0001afe8       ??_M@YGXPAXIHP6EX0@Z@Z     0041bfe8 f   libcmt:ehvecdtr.obj
 0001:0001b068       ?__ArrayUnwind@@YGXPAXIHP6EX0@Z@Z 0041c068 f   libcmt:ehvecdtr.obj
 0001:0001b0dc       ??_L@YGXPAXIHP6EX0@Z1@Z    0041c0dc f   libcmt:ehvecctr.obj
 0001:0001b15e       _fprintf                   0041c15e f   libcmt:fprintf.obj
 0001:0001b19a       _WinMainCRTStartup         0041c19a f   libcmt:wincrt0.obj
 0001:0001b2a2       __amsg_exit                0041c2a2 f   libcmt:wincrt0.obj
 0001:0001b2eb       _malloc                    0041c2eb f   libcmt:malloc.obj
 0001:0001b2fd       __nh_malloc                0041c2fd f   libcmt:malloc.obj
 0001:0001b329       __heap_alloc               0041c329 f   libcmt:malloc.obj
[...]
FIXUPS: 3c599 134a5 fffecbc9 45 18 5b 2f ed6 7 12 13 21 10 9 50 10 9 39
FIXUPS: 3d6d8 1a 21 16 2c 1a 35 1e 15 12 18 91e7 3d d 11 19 b 8fad a ffff7069
FIXUPS: 46ab3 ffff648b 27 11 1f f 18 f 22 11 39 45 1a 68 44 f 61 54 54
FIXUPS: 3d280 52 16 12 1d 25 51 61 2d 87 39 36 59 28 124c0 ffff75fc 25
FIXUPS: 47078 5 31 23 11 cc 42 37 8 1f b 15 1f 8 b0 51 38 ffff5759 12 12
FIXUPS: 3cb84 60 18 8b 26 29 58 1db 11 72fa 1c 9 b823 b ffff4801 10 47
FIXUPS: 442ca 27 1f 1b 24 2e 1f 14 38 14 17 9 27 ffff8549 16 117 a3fe b6
FIXUPS: 46fce d 11 1d 20 8a1f fffeed86 3f 3c 51 40 26 16 111ea a fffeee3c
FIXUPS: 3e95d f 12 16 25 26 1c 23 16 26 18 8a19 b 14 866a b ffff4676 b
FIXUPS: 441b8 11 28 e ffffa265 29 f 3a 115da a fffeea6e d e 63 2c 9c d
FIXUPS: 3e699 1e 19 14 113e0 c fffeec5a d c 11 11384 a fffeec96 d 11 16
FIXUPS: 3e7b7 11335 a fffee1be 2d 3b 33 c 23 f 1f 11 a 37 13 1f 19 35 11
FIXUPS: 3deae f 1f 10 10 1d 19 31 30 75 98 ef e2 72 b0 90 fffff46d d 11
FIXUPS: 3d8d5 22 b 1218e b a fffede86 27 22 2d a1 f 25 26 28 36 26 15 c
FIXUPS: 3db62 f 1f 2b 16 8 7 89 f 26 ffffbbc6 e 12 18 1641c 8 8 8 8 8 8
FIXUPS: 4fcf0 a fffe9bd2 4c 25 8 40 fffdad05 d 11 16 3b646 a fffc49c8 29141
FIXUPS: 3d825 f 22 1221a b a fffe9adf 29 68 f 8 23 17 8 1b 55 e 12 18 16576
FIXUPS: 4fc74 8 8 8 8 8 8 a fffe9a65 16 29 5c f 8 17 17 8 1b fffffa5b c
FIXUPS: 392d3 10 c 28 42 41 45 10 c a b c 16804 8 8 a fffe97fe 9 15 167ee
FIXUPS: 4fc4f fffe9859 d 11 13 b 16774 a fffe98cf 18 1667b a fffe9426 46
FIXUPS: 39058 d c e 16b59 16 b fffe94a1 15 19 21 42 f c c 1b 13 29 39 27
FIXUPS: 39216 10 169de 8 a fffe9629 10 b fffffaf8 8 f 16e1b 8 8 a fffe91e8
FIXUPS: 38dc2 15 b 19 7 a 1e b 29 c 16d3e 8 a fffe92ce 33 14 34 17 d 52
FIXUPS: 38f9d 23 d c fffff99c 171db b b b a fffe8e20 1c 60 3f 4a 50 43
FIXUPS: 38b44 1c 1f 86 16 20 19 d e 31 b 5 26 d 8 23 a 17 8 17046 fffe9c3e
FIXUPS: 39a58 162c3 a fffe9d72 1c 7 c 1626d a fffe9dac 34 36 cb 3b 14 48
FIXUPS: 39d74 88 ffffead0 c 22 1722e b b a fffe8dde 13 19 c c 12882 1e
FIXUPS: 4b215 1c 27 19 15 18 12 1a b 23 10 1f 12 10 16 23 49c9 8 b a ffffb630
FIXUPS: 4b3a6 37 25 1c 39 1d 12 f 48de ffff7c9f b b 11 83bf a ffff7c73
FIXUPS: 47a8f d fffedbf8 b 7 18e10 fffe71fb 69 1a 1e 18 48 51 14 f 22 10
FIXUPS: 35866 12252 5 b c 367b 45 4a ffffc456 11 24 28 871f c ffff7984
FIXUPS: 4774d 11 1c c c c 8626 b b b a ffff79cf 7 b 71 1b 1b 67 3d 3a 43
FIXUPS: 479a8 3c 1b 8 ffff258b 62 8 19 8 7 15de8 a fffea249 32 17 15d78
FIXUPS: 4fe2a fffeec97 20 e 4f 898f d 6fb4 17 18e3 a ffff7758 e 18 e 12
FIXUPS: 4fd9c a ffff782c d 507 9 14 8 af 49 62 a 17 48 1a 1b d c 3e 80da
FIXUPS: 4fe3e fffeeddc 74 24 17 ffffb162 18 d 12 2a 14 12 2d 26 32 53 fffdaabe
FIXUPS: 14b8c 4d 9 48 17 14 a e 1e 5f 27 127 1e 1a 4f 2e 38 e 33 4e c 3aeb0
FIXUPS: 4fe78 d a fffc514a 16 d 32d93 4b 3a 4c12 14 ffffb3ed b 14 8136
FIXUPS: 4ff87 fffc4757 5 b c 5 18 7 f7 d 8 17 3b607 b fffc4a06 b 17 3b5e1
FIXUPS: 4fe67 fffc4a49 42 17 42 53 32 2a 37a09 1f 22 12 10 6 5 38 bf 25
FIXUPS: 4c5b3 1d 1b ac 13 f 51 8 43 60 43 1a 32 52 36be a ffffc953 3b 4f
FIXUPS: 4ff68 a ffffca83 fffff501 15 4001 8 a ffffc009 63 28 10c 38 14
FIXUPS: 4c129 17 11 16 11 82 1e 2b 8 6e 8 8 14 12 3c39 8 8 8 a ffffc3d0
FIXUPS: 4c338 3b94 b a ffffb97b 20 14 13 48 12 3d e1 56 13 1e 444a a b
FIXUPS: 4bae7 2e 1c 2e 7 8b 9b 1d 94 115 1d 1b d 16 12 fffff65a d 10 17
FIXUPS: 4b577 12 25 8c 17 1b b c 4815 b ffffb82e 7 15 10 d 1c 4786 b a
FIXUPS: 4b78e d 14 1d 11 6 c 46 b 47dc a ffffd241 c 19 f 2d95 a ffffd281
FIXUPS: 4d2c3 d 11 16 b 2d42 a ffffd2cb 21 1c 2d05 8 b ffffd333 44 2c96
FIXUPS: 50085 fffc4f82 364c8 c 19 11 6 1af3 d 63 8b 7f 4a 7 1d 8 c 19 c
FIXUPS: 4d22b c b c 2d42 8 8 8 8 8 b b 8 b 8 8 8 8 b 8 ffffcd8e f f c c
FIXUPS: 4cde4 c 1f d 7 15 11 38 d c 1e 7 d 1a 32 7 c 1f c 16 c d 13 d 2d
FIXUPS: 4cfd9 1d fffffa88 21 25 a 9 7 14 e 21 3d 19 18 14 42 13 16 a d
FIXUPS: 4cc6c 54 11 11 11 1c 18 14 f c c c 1b d fffed43e 15 3d f 16 16
FIXUPS: 500a4 a fffea204 f 2e 15dc9 a fffea27b b d 14 e 3a 40 e 15 29 1d
FIXUPS: 3a4a0 11 28 1d 3d 77 28 a d8a8 c b 5 11 b c fffe6050 26 41 19 fffe708f
FIXUPS: 1504d d 1a 26 d 25017 12 10 d 14 b 15f84 a fffea091 35 22 f d f
FIXUPS: 3a1b4 ffffb7f5 3a b0 29 98 2f 19 86 16 42 1f ac 48fe 14 14 1ad
FIXUPS: 3a833 79 13 14 15 c ffffb00b 17 16 36 1a76c fffe57fb 1d 1257d 5
FIXUPS: 47e79 fffcd287 c 3b007 b a ffff7e11 4e 34 e8 24 cc 31 3e 1f 2c
FIXUPS: 4825a 73 5a 19 36 11 3c 4d f 17 17 1a 9 7c6a ffff83d2 23 fffed4d0
FIXUPS: 35dc2 5 12 13 23 b d 15 1d 12 10 15 1a257 b a fffe5dc2 2d d 21
FIXUPS: 35f28 b 9 e 20 9 1a193 fffe5e9f 30 fffdf0e8 d 11 19 33485 c 5 5
FIXUPS: 48594 b c 5 fffe762b d 18 1c c 1c 15 10 13 204b4 a fffdfb65 4c
FIXUPS: 2fd67 15 7 56 5f78 f 2b 17 8 8 8 129ee 1c fffcc95d d 11 13 3b042
FIXUPS: 5019e ffff4362 10 f 41d0 5 fffffec1 5 a a c ac a 5e4d fffe7b63
FIXUPS: 36047 124a0 7c5d a ffff83da 7c30 a ffff8401 6 5 fffccc42 1c 30
FIXUPS: 15251 3af59 ffff86be fffed816 6 19 9 1c 11 1a099 c fffe5f75 b a
FIXUPS: 36116 15 f 17 125b0 23 1a 12 10 13 7a0d a ffff8600 5 e ffffc176
FIXUPS: 44926 15 30 8 14 f f f 12 b7ee 8 8 8 8 8 8 8 8 8 a ffff483f 18
FIXUPS: 44a72 14 ffffa2af 19 7d 7f 1b 25 fffd6304 19cf5 2138f fffdec97
FIXUPS: 2eec7 15 21342 fffdece4 32 28 212ce ffff4303 6 a 3c 8e 67 57 b
FIXUPS: 446dd 10 15 f 19 47 13 2b 16 f 25 9b 3e 15 fffd520a 24 46 20 24
FIXUPS: 19bda 2c 23 76 14 5c 17 80 15 15 de 1c 15 30 8 d 3c 44 2f8b8 11b
FIXUPS: 49988 f 38 fffe5444 17 27 1d fffea5da 21 f4 4a 36f45 b 8 a fffc91e2
FIXUPS: 19732 8 e 2c f 36d93 fffc92e8 15 32 34 36ca7 a fffc93b7 5d 86 9
FIXUPS: 199e7 12 1a 1e 13 17 3e fffff4f9 12 33 12 39 12 24 12 24 12 24
FIXUPS: 190d6 4f 12 33 12 35 12 2e 18 33 12 41 12 24 12 5f c 66 43 12 34
FIXUPS: 50436 b b b b b 8 b b b 8 b 8 b a fffc86e4 58 65 c 1a d 37836 8
FIXUPS: 504e2 fffc88b5 95 43 39 12 42 10 12 fffff8c3 d 20 2c d 20 24 14
FIXUPS: 188ac 4e 4d 28 23 4c 25 20 12 2c 1c 1d 12 51 20 24 14 d 15 c 3788d
FIXUPS: 5041b 8 b fffc7de8 1a 3c 8 38 4d 8a 1a 1b 2a 49 18 14 1b 82 25
FIXUPS: 1854e 20 3c 1d 3f 20 36 4f 2a d 20 2c d 20 3f 20 fffff393 33 d
FIXUPS: 17bbc 4f d0 66 9c 30 e 19 21 2c a 3855d 8 a fffc7ac2 23 38527 fffc7b44
FIXUPS: 18018 20 4c 20 12 12 3d 23 50 7b 17 fffff40c 9 63 9 80 24 9 7a
FIXUPS: 1784f 15 1c 7 29 33 b 8 41 34 b5 18 5c 38914 a b fffc7715 21 14
FIXUPS: 503c8 b a fffc7744 19 fffff62c 19 18 67 39 35 9b 30 8 54 48 8 e
FIXUPS: 173f7 f 6 28 38f2b a fffc70e3 55 38ed3 a fffc7155 13 38ea2 b a
FIXUPS: 17521 70 22 27 38d5a c fffc6735 38 1c 1c 5a 53 d 397a9 c fffc6887
FIXUPS: 16bf5 2b 12 27 1a 78 79 91 1a 12 9e b 80 1a 44 17 7b 48 c b7 fffff36d
FIXUPS: 502d2 fffc61f0 58 39dc4 fffc62cc 50 43 3b 24 39c4e fffc63c2 40
FIXUPS: 502f4 a fffc6409 2c 39bd5 a fffc647a 13b 3e 39a19 fffc65f7 52 399c3
FIXUPS: 1698c f 1c 14 14 15 ffffedd1 24 3aa9f a fffc55a3 b5 60 3a952 a
FIXUPS: 15a8b 24 1f e5 f 1c 3a6d2 a fffc5c9a 110 25 65 68 c1 45 8 7a 1e
FIXUPS: 163b9 3f 39ece fffc6146 5d ffffef99 f 12 65 32 b b 3ad78 b e a
FIXUPS: 154e9 23 10 34 27 3acfd a fffc5313 1e d 22 21 1e 34 69 16 16 d
FIXUPS: 15784 20 f 35897 3a d 51 5486 b b b a fffe5be9 1a 1b 9 15 14 43
FIXUPS: 36241 17 11 6 fffdf02b e 23 b3 3aeb6 a fffc5161 d 11 29 6 8 357df
FIXUPS: 4abe5 e f 2a 26 9 12 f 90 582a ffffa8ab 1c c c 572b b b a ffffa8ca
FIXUPS: 4ae37 20 19 59 52 34 1a 14 26 2f 21 34 ffffec26 d 11 1d e c 68fa
FIXUPS: 505a6 ffff972c 34 b 1e 6881 b ffff9793 f 17 d 4d 67f8 ffff9843
FIXUPS: 49e3e 6794 ffff98a7 68 66fd ffffa278 14e 14 181 4f c 5be0 a fffef1cb
FIXUPS: 3f965 1c 1e 17 2c 10da6 a fffef25d 8 d 11 2d 19 10d41 a fffea194
FIXUPS: 3a956 14 6 69 17 2d 13acb 35 1e 2275 b a ffff9449 ffff5c19 d c
FIXUPS: 3f855 d c 8 7 14 11 21 11 10 9 18 1b c 10dd0 8 8 8 8 8 8 8 8 8
FIXUPS: 5074c 8 8 8 8 fffeeec6 f 1e d c a 18 d c 15 d c e 9 f 1e d c a
FIXUPS: 3f760 d c 15 d c e 9 f 1a d c a fffffbe1 1a d 12 21 d 17 d 12 25
FIXUPS: 3f4ba c a 1b d c 15 d c f 11 8 11 13 16 b 2c 13 12 b 5 24 fffffb7d
FIXUPS: 3f1bb 38 19 c 9 d 9 25 11 c 16 c c b 12 f 42 113aa 8 8 8 8 b a
FIXUPS: 3f365 14 d 18 d 12 21 11272 8 8 8 8 8 a fffee816 64 1a 8 9 b 8
FIXUPS: 3ef49 c 11737 8 a fffee8d7 12 7a c c 22 2f 1163e a fffee9d3 38
FIXUPS: 3f121 60 9d5f 11 1a 11 16 9 13 17 f 1f f 1a f 38 19 15 12 1a 15
FIXUPS: 4907e c c c c c c 18 c 7546 8 8 8 ffff8622 c c c 15 c 794d 8 8
FIXUPS: 50614 8 a ffff86a1 20 d 2c 10 10 10 16 27 1b f c 50 c 1e f 2d 16
FIXUPS: 48eb0 11 fffffa5f 4e c 96 15 7bc3 a ffff8450 d 11 1f d 69 11 b
FIXUPS: 48b41 b 16 b 16 b 12 b 12 b 12 b 2d 19 15 17 b 7b8d fffc9ada d
FIXUPS: 49137 fffd0eac 8 c 11 4c 29 ac 17 13 161 13d26 4a 4c 1b 1b 16f2
FIXUPS: 2f7a5 21 10 13 20fe7 a fffdf032 57 10 3c 37 1901d ffff7b63 e 44
FIXUPS: 404bf 10 b 1b 26 b 194 1a 12 1f 32 e a5 18 25 1a 29 19 1c 1a b3
FIXUPS: 1a300 5 8 2f6cf 9 15 29 6dc1 fffef9ca 18 10 1c f 21 b 10 b 10 a
FIXUPS: 4026d 7 11 f 2c 1054c a fffefac1 10 29 24 21 c 1f c 10494 a fffefb85
FIXUPS: 403da b 4e fffff63e 10 d 13 6 f 6 23 10d19 a fffef3bb 39 9 b 25
FIXUPS: 3fc49 cc 7 7f 1b 13 4b 2c 2c 66 7e 30 11 5b 59 16 1c fffee24c 38
FIXUPS: 2e3b3 ad b 18 f c 1b 19cd d 2d 13 13 10 13 2092b a fffdf6ef 3e
FIXUPS: 2ffb8 24 22 27 17 7 13 19150 71 78 37 10 ffffc9c9 3657 b 14 7657
FIXUPS: 50977 fffdd73e 1e 27 c f 22741 9 a fffdd8c8 1e 23 c f 226f5 9 a
FIXUPS: 2e1d5 48 15 14 b 12 14 15 1a 12 17720 af1c 8 8 8 8 8 8 8 8 8 8
FIXUPS: 5094c a ffff509e 43 11 1e 8 a8 1b 3b 18 19 15 17 ad99 ffff52b1
FIXUPS: 45c50 15 c e fffff843 a 51 2a 2a 44 33 53 18 1c 1c 19 16 19 19
FIXUPS: 4573f 42 32 40 6d a 3e 12 1e 10 14 f 70 1f 14 f f af20 ffff4404
FIXUPS: 44d0f 37 f b f e 1b 6b 19 42 16 42 8 62 3a 11a 1c9 7 9 16 1c 34
FIXUPS: 452d3 1d 28 c 62 2a e7 1d fffea64b 18 54 14f2c a 6 a 17 c 25 bda7
FIXUPS: 508ae a ffff4258 d 11 1c d 49 4a 26 60 c 7 bc3d a ffff43d0 19 f
FIXUPS: 44ccd bc07 e ffff0df1 36 20 4f 3a 8 6a 7 15 16 e 10 f 11 7 fffee091
FIXUPS: 2f939 11 16 21020 a fffdf007 21 c 35 47 12 1c 8 2e 33 c 113f7 12
FIXUPS: 40ef7 4e 12 89 1b 11 c ac 5e 7 169 10 35 15 35 d 10 4f 24 8e 28
FIXUPS: 41480 12 4e a c2 6a c 5f 32 ffff5421 19efc a fffe611e c 34 21 d
FIXUPS: 36b89 1e b4 41 11 42 22 a 9db9 1b 11 d 28d c 40 b b b 7 c 7 70
FIXUPS: 40e9d 21 ffff55cc e 46 3b 11 2f 2b 24 2d 14 1f 28 29 2c 54 1e 1c
FIXUPS: 36746 14 1c 46 c 1a1ec 8 a fffe5e7b 6b 27 7b 43 8f 4c 2de 30 1a
FIXUPS: 36da6 1b c 19c17 8 a fffe63f4 a 15 28 19 19bb6 9 b a fffe5880 d
FIXUPS: 362db 25 c 1a688 b a fffe597f e 46 3b f e fed 10 10 10 2c 1a 3652
FIXUPS: 3aab9 1a 12 1b c 15f1c 8 a fffea0ef a 15 22 19 15ec1 9 b a fffc98b6
FIXUPS: 1a325 11 16 36720 a fffe62c1 6 396 17 1d d a c f 19947 16 b fffe66b4
FIXUPS: 3716c 1d d a c f 198f1 16 b fffe6719 f 22 7a 11 12 3c 4e 14 15
FIXUPS: 3739d 14 7c7 10 19000 a fffdd938 13 18 25 225be a fffdda98 d 13
FIXUPS: 2e5b7 e 16 22511 b fffddb1a 7 5 19 e 9 1f 2d 17 26 18 26 18 16
FIXUPS: 3776c 1c 4e 2e 22 a 14 3a 19 be 1c 3e 2d 12 35 c 2f c 190fa 8 8
FIXUPS: 50b7e fffe6f15 9 14 34 10 f 16 9 3a 10 fffff9aa 42 27 21 b 19558
FIXUPS: 50b0e b 8 c fffe6a9f d 27 b d b 12 22 c c c 194c0 b b a fffe6b49
FIXUPS: 376c1 20 12 19 18 b 3540 15f2d b 8 9 b fffea0d9 1b 2a 2a 28 38
FIXUPS: 3ad76 15e56 a fffea1c1 22 31 39 2e 15d8f a fffea28a 2e 28 3b b3
FIXUPS: 3afeb ffffc46d 43 10 3a a3df 3e 1d 17 f2ca a ffff0d43 11 33 23
FIXUPS: 419e6 e8 45 8 fffd8852 20 f5 18 10 1e 36 18 16 8 366c2 fffe9f98
FIXUPS: 3ab9b 67 15 1c 13 19 fffdff76 15 72 10 82 5a 33 13 e 54 d 6 1e
FIXUPS: 1ae2a 13 c 48 10 9 33 f a f 11 2f 17 18 28 18 35c62 ffff0c92 d
FIXUPS: 1a861 c 19 d 53 22 b 2c 1f 3e d f f 2f a 43 8 2a f 10 e 8a 1f 7
FIXUPS: 1ab62 12 16 11 7 8 c c 20eb7 bd 4c 84 18 24 19 d 18 e 39 11 11
FIXUPS: 1a625 1d 41 3f 17 7 18 12 37 1c 13 1f 1f 1b 1a 18 d b 18 20d3b
FIXUPS: 3b583 16 c 1d 71 e 4c 1f c2 29 23 2d 23 23 15 1f 11 b 1f 11 1f
FIXUPS: 3b903 1c d 26 44 46 1b 14 18 29 634d ffff931a 89 13 13 d 12 64
FIXUPS: 3b259 2d 12 c a 2b 1c 2a f 7c 4e 15828 a fffea805 b 68 11 9 11
FIXUPS: 3b4e2 e 13 9 43 12b2c 37 12 2ba6 ffffd610 1e 3e 30 51 34 4c 3f
FIXUPS: 4e42c ffff37a1 20 d 11 16 b f008 a ffff1021 1e 37 a b 14 2d 8 16
FIXUPS: 41d83 11 ba0b 11 11 6f 15 1f 184 2a 14 86 29 35 37 3d 37 3d 209
FIXUPS: 4de22 ac 38 c 29 5d 8 6 1e 2c9a ffffd37b 32 a 34 2a fffff3cc 1f
FIXUPS: 4d4a0 12 1a 12 19 17 2e e f 2c d 22 f 1a 7 1a e 9 7 7 e 1a b 35f2
FIXUPS: 50c52 ffffca2f 7 8f 66 11 fffe1139 223ad e a fffddc6c d 29 16 8
FIXUPS: 2e974 16 12 7 33 1b 40 10 1e c 17 b 18 c e 1e c c 2219f a fffdde73
FIXUPS: 2eb1a 1a b6d bb 21594 b ffff866d a 90 8 7 21 13 15 12 10 8 7824
FIXUPS: 50cb3 ffff87e8 5 5 c 1d 33 fffe6687 1b ffffec11 14 24 73 1f 39
FIXUPS: 2e8bf 7ac c b 21c4e b a fffde3fd e 10 84 1f 2b 23 17 42 22 92 d
FIXUPS: 2f37f 33 22 12 e 28 14 12 42 6f 7f 59 50 56 fffff62c 3a e af b
FIXUPS: 2eda6 5 1a7b1 f 26 5 c 19 32 1c 16 22 18 33 2d 2d 9 fffe58b9 c
FIXUPS: 2efc2 21cfa a fffde319 d 16 32 1e 1f592 fffcc9d9 9 14 15 2e734
FIXUPS: 49765 d 4de1 16 b 2790 a ffff930d 1f 16 1a 1c 6c95 a ffff9371 20
FIXUPS: 4a0cc 1a 1c 6c31 a ffff93dd f 17 fffe4adf 11 ffffe89d a 1c2d8 d
FIXUPS: 497ce 5 b c 2ac 3d 35 13 3c d 12 1c 9 9 7 7 47 2f3 1b 13 22 8 13
FIXUPS: 50d48 b ffffd86e 9 e 16f fffb4fdc 29 58 15 15 18 10 10 24 24 29
FIXUPS: 38a3 4ad4c 9 13 b 19 5 18 25 fffe9531 7 18 44 ffff5883 8 12 10
FIXUPS: 2d4b7 5 5 fffd5b4a 33 12 23 2d 4f 6c 5c e 14 15 6f 1d 5f 4b42d
FIXUPS: 336a 25 12 1a 8 83 4b2d3 e fffb4dc6 7 21 11 c 7 36 40 4b18a fffb432b
FIXUPS: 2a74 86 36 2e 43 37 2a 42 2d 7 21 12 1b 21 12 10 46 41 9 23 16
FIXUPS: 2df0 8 89 b 28 31 31 53 49 3a ffffeec7 7a 1e 3d 2b 4c734 a fffb390f
FIXUPS: 202d 7b 82 80 1da 1f 26 33 26 10 86 36 24 3f 2e 1f 3b 20 bd a7
FIXUPS: 29c4 1f 26 33 ffffee5d 1b a 70 11 9 16 b2 d b 1a 1b a 49 17 11
FIXUPS: 1ae1 16 63 28 12 4cb30 8 a fffb34fd e 1b2 1f 2d 31 6b 23 fffff479
FIXUPS: 1331 22 9 4d34b b a fffb2cd8 1a 26 29 d2 9 19 97 28 52 16 57 b
FIXUPS: 1685 16 5f b b 16 43 18 14 d2 d b 208b 4ae4a b a fffb51cb d 38
FIXUPS: 3988 4adec a fffb5231 22 34 11 2e d ffffd5e8 18 20 1a 40 f 78 49
FIXUPS: 11a4 18 16 25 4e 33 17 7f 4e6f 19 46 1c 66 20 8f 21 3b 10 25 19
FIXUPS: 63f4 d 38 4862b a fffb7a16 d 58 4859b a fffb7a7f 1c 2c 11 e d 13
FIXUPS: 65a1 ffffd339 12 4b112 fffb71fe 58 59 1a 48d4d d e fffb7337 a 10
FIXUPS: 5da9 11 19 17 2f 1f 17 3e 10 a 10 29 12b 2c 9c 10 13 14 4893d a
FIXUPS: 6131 fffff8d5 10 2d a 21 32 11 23 48e53 b c d b 8 8 b b 8 8 b b
FIXUPS: 4e9ad b b b b a fffb714f 13 25 16 48e74 fffb6c15 11 14 18 14 d
FIXUPS: 569e 1f 11 1a 14 32 11 14 18 14 d 47 d 29 23 d 61 30 22 63 f 10
FIXUPS: 599c 11 2d a fffff7c7 a 10 4c 2a 17 99 f 9 16 16 25 34 3e 23 32
FIXUPS: 5447 25 11 1a 14 31 11 14 18 14 d 37 28 11 1a 14 fffffab2 16 23
FIXUPS: 50d7 34 19 39 496aa b b b b b b b b b b b b b b b b b b b b b b
FIXUPS: 4e904 a fffb62fb 14 31 22 14 31 7 74 14 31 28 14 31 51 23 14 34
FIXUPS: 4eb1 1d 14 34 16 23 14 34 13 1d 14 34 13 20 14 fffff37e ac a0 2f
FIXUPS: 458d 7f 72 5f 52 17 14 34 49 32 72 66 58 90 34 30 4c 14 31 1c 14
FIXUPS: 4b1f 1c 14 31 22 14 31 fffff1f6 45 3b 4d 5b 2b 6 7 1a 10 22 7 50
FIXUPS: 3ff0 a 10 2b ad 5b 23 1c 2d 90 14 42 33 d 40 1e 3a 1f 1d fffff728
FIXUPS: 3ae9 1e 9 9 9 4ac72 b e e a fffb53b0 f d 10 3b 10 d f 4abcc b e
FIXUPS: 4e7f7 fffb542d d 22 12 12 23 a 10 109 297f 10 10 10 10 d f 4838c
FIXUPS: 4eb2f e e e e e a fffb7c44 12 12 12 12 12 12 12 d 83 304 11 e d
FIXUPS: 3a8b 10 18 32e7 12 12 10 12 12 12 12 2f 11 fffff793 12 18 18 18
FIXUPS: 665b 18 18 16 b 483f8 b e e e e e e a fffb7bd7 d 3b 48499 fffb8390
FIXUPS: 6f64 d 3b 10 d f 47bfc b e a fffb840c 12 12 ce 11 fffffb18 96 12
FIXUPS: 6cd5 10 f 12 f 10 f d 12 10 12 13 48028 fffb9d5e 80 80 80 80 27
FIXUPS: 8d46 ffffe3f4 12 1e 47a9a b a fffb857b d 38 f 47a3c a fffb85e1
FIXUPS: 7245 11 fffffc34 12 18 18 1e 47caa b e e fffb9969 14 33 c5 10 f8
FIXUPS: 878d 3c 75 3f 37 14 33 1c 14 33 19 39 46367 b b b b b b b b b b
FIXUPS: 4ed90 b b fffb90a3 7a e 36 76 6c 5c 4c 17 14 33 37 1b 62 39 2a
FIXUPS: 8258 5e 37 c 30 2f 2d 43 11 33 28 1e 3f 35 14 33 fffff265 c 27
FIXUPS: 7967 10 22 7 81 14 a 10 2b 12 a6 67 20 1c 30 7d 26 14 14 3a 1b
FIXUPS: 7d54 d 25 20 1d 11 18 1b fffff5ba 3b 10 10 10 10 d f 4785c b e
FIXUPS: 4ecdb e e a fffb8782 12 12 12 12 12 3d 2f 11 a 10 9d 33 ac 11 24
FIXUPS: 7753 1814 12 10 c c 26 2f 1f 11 fffffd3f 11 ffffe515 10 18 18 18
FIXUPS: 72fb 18 1e 1e 9 9 9 478da b e e e e e a fffb8715 3015 12d 449e3
FIXUPS: 4eee7 fffbb6af 44963 e fffbb812 29 53 11 ffffe5f6 1a 4600f b fffba04e
FIXUPS: 8e31 10 45fa3 e a fffba068 d 41 10 f 45f33 e a fffba0e0 3f 10 d2f
FIXUPS: 9c83 1d 45214 a fffbaf19 3f ae 1f 26 33 26 10 86 36 24 3f 2e 1f
FIXUPS: a154 1f 26 33 26 10 86 36 24 3f 2e 1f 3b fffff4a0 9 19 18 a 43
FIXUPS: 98e4 9 17 95 11 9 16 67 1c d 4542b 8 8 a fffbac13 13 b b 16 26
FIXUPS: 9b29 b b 18 1b a fffff7e6 1a e 45a9d b b b b e 8 a fffba57a a 9c
FIXUPS: 94a0 13 12 12 14 f 9 15 34 1a 45 f3 17 f 9 16 d5 7e f94 1a 44731
FIXUPS: 4ef20 fffbb904 20 20 20 20 20 26 2f 2c 11 ffffe72c 33 22 c 90 8
FIXUPS: 9239 a 4a 9 1a 2a 10 9 1c 26 14 10 3fa0 3a 23 8 61 1c 96 13 12
FIXUPS: d4a8 14 f 9 15 36 1a 46 eb df b7 246 40 13a 3b 29 16 120 3b 29
FIXUPS: ddd4 61 11 ffffeead 3b 2f 2f 33 11 3b 133 a3 17 12 12 14 f 9 15
FIXUPS: d093 1a 40 e8 17 14 12 18 f 9 16 32 1a f 2a d fffff53c c 12 16
FIXUPS: c865 9 1c 18 32 77 14 3c 11 3b 2c 36 14 3b 36 11 3c 11 3c 11 3b
FIXUPS: cbe3 2f 36 11 3c 11 3c ffffee6a 435e8 a fffbcac3 21 ae 59 36 36
FIXUPS: bdce 32 35 2f 34 6c d4 99 93 47 18 5d 65 236 14c c e3 a7 77 e 2c
FIXUPS: c7fa 16 ffffeef4 5 3b a 32 107 5a 1f 5a 11 18 2f d d 26 d d 436b8
FIXUPS: 4f0cc 8 8 8 16 9 8 8 a fffbc969 33 b 1b 32 fffff6d2 d 43e54 d c
FIXUPS: 4f067 fffbc1c6 1e a4 20 55 9 1a f 5d 1e 43c63 b 8 a fffbc3e6 59
FIXUPS: b527 1c 40 43b21 a fffbc52e 62 36 17 30 438b1 e e e e e e 8 8 8
FIXUPS: 4efe2 fffbbfcb 13 21 23 10 23 10 16 16 43f84 b b b b a fffbc0a6
FIXUPS: b13f 34 13 16 3b fffffb0c 10 c 29 17 f 9 1a c 2c 14 10 9 1a 18
FIXUPS: ae12 3d 18 14 9 1a 38 e 16 e 23 17 f 43fe3 e e e fffc3951 f 9 23
FIXUPS: 128f6 f 9 23 c f 9 23 c f 9 24 c f 5e 3c92e c b fffc380c 92 179
FIXUPS: 12da6 ffff7d0d 1d1 c 1a 14 9 7995 c f 28 c f 1a c f 1d c f 1d c
FIXUPS: 1275f 1d c f 1d c f 1d c f 1d c f 1d c f 9 23 fffff67c 43 3d3e6
FIXUPS: 4f353 fffc2ca6 5d 3c3 1c 1e 9 e e b b 9 9 c 9 c 11 a d 8 1d a 8
FIXUPS: 1252d b4 13 c f 25 fffff48a 16 16 16 16 44 23 46 16 13 16 16 19
FIXUPS: 11c47 16 16 16 44 23 46 16 13 16 16 19 16 16 16 16 57 44 1c fffff87c
FIXUPS: 1173e 9 24 c f 67 3db0a c b fffc2522 1c 27 7 3daab b fffc2575 25
FIXUPS: 118ef 3d 2b 28 2f f 15 15 23 46 16 13 16 16 fffffa4a c f 1d c f
FIXUPS: 1155f c f 1d c f 1d c f 1d c f 9 23 c f 9 23 c f 9 23 c f 9 23
FIXUPS: 112a3 8 8 c 9 c 11 a d 8 1d a 8 d 34 2d 13 c f 23 20 c f 1d c f
FIXUPS: 1147f c f 1d c f fffff6e7 c f 9 23 c f 9 23 c f 9 24 c f 76 c f
FIXUPS: 10db0 3b 3e4bc c 16 c a fffc1f4f 1b 21 9 d e a fffff657 c f 40
FIXUPS: 10956 9 1f c f 40 c 9 1f c f 40 c 9 1f c f 40 c 9 1f c f 9 23 c
FIXUPS: 10b8d 9 fffffa4b 26 23 c f 40 c 9 1f c f 3d c 9 1c c f 40 c 9 1f
FIXUPS: 107dd f 40 c 9 1f c f 40 c 9 fffff895 9 c 9 c 11 a d 8 1d a 8 d
FIXUPS: 10227 76 10 a 18 12 9c 13 9 1c aa 2b 39 3e 16 6f 2d 13 c fffff512
FIXUPS: faf0 f 9 23 c f 9 23 c f 9 23 c f 9 24 c f 51 3f60a c b fffc0a38
FIXUPS: 100e4 1c 21 9 e e b b fffff700 f 1d c 2b c f 1f c f 21 c f 21 c
FIXUPS: f98c 21 c f 21 c f 21 c f 21 c f 21 c f 9 fffffb0e d 28 19 c f
FIXUPS: f65d 23 c f 30 c f 1a c f 1d c f 1d c f 1d c f 1d c f 1d c f 1d
FIXUPS: 4f229 b a fffbfddf 1c 1c 22 16 11 17 401a0 b fffbfea7 3b9 1b 2b
FIXUPS: f50f d e a b 8 8 c 9 c 11 a d 8 1d a fffff4bd 35 4a 26 62 56 9b
FIXUPS: ed88 2c 9c 10 14 40353 a fffbfce4 14 51 18 17 14 14 14 14 14 11
FIXUPS: efd2 40215 b b b b b fffbf3a8 12 12 12 1b 2b 1a 71 4f 60 13 17
FIXUPS: e7b9 13 c 3f f 9 1c 21 13 19 16 1e 19 28 39 35 35 35 35 35 fffff76d
FIXUPS: e1cb 13 16 c 42 f 9 1c 138 40dc9 e b c e c fffbf21e d 22 15 9 36
FIXUPS: e47d 27 2d 2a 32 2d 1b 1b 12 12 49e4 1c d 3c 11 11 3c395 a fffc3c97
FIXUPS: 13066 ffffae03 1a 412d2 b fffbed96 42 1b 23 2e 43 c c8 8 b 6 6
FIXUPS: e11d f 9 16 14 25 4f90 d 16 f 20 2f 11 fffffc40 1e d 10 10 5 10
FIXUPS: 12e56 10 28 a c 9 7 2e 14 9 14 c 15 1c 1e 3c427 9 a fffc3fad 11
FIXUPS: 13371 5 10 10 10 b 5 10 10 10 fffffe44 1a 3c1b1 b fffc3e80 24 20
FIXUPS: 132e4 20 21 11 fffffebf 11 ffffffbf 11 fffffeb3 1a 3c332 b fffc3d14

 5625 bytes saved through ICF

