D:\USERS\ZVONE\PROJECTS\PROJECTS VISUAL C++\APPLICATIONS\Magisterij\DBOptim\ChildFrm.h|D:\USERS\ZVONE\PROJECTS\PROJECTS VISUAL C++\APPLICATIONS\Magisterij\DBOptim\Restore.1\~ChildFrm.~h
D:\USERS\ZVONE\PROJECTS\PROJECTS VISUAL C++\APPLICATIONS\Magisterij\DBOptim\DBOptimSet.h|D:\USERS\ZVONE\PROJECTS\PROJECTS VISUAL C++\APPLICATIONS\Magisterij\DBOptim\Restore.1\~DBOptimSet.~h
D:\USERS\ZVONE\PROJECTS\PROJECTS VISUAL C++\APPLICATIONS\Magisterij\DBOptim\DBOptim.h|D:\USERS\ZVONE\PROJECTS\PROJECTS VISUAL C++\APPLICATIONS\Magisterij\DBOptim\Restore.1\~DBOptim.~h
D:\USERS\ZVONE\PROJECTS\PROJECTS VISUAL C++\APPLICATIONS\Magisterij\DBOptim\DBOptim.cpp|D:\USERS\ZVONE\PROJECTS\PROJECTS VISUAL C++\APPLICATIONS\Magisterij\DBOptim\Restore.1\~DBOptim.~cpp
D:\USERS\ZVONE\PROJECTS\PROJECTS VISUAL C++\APPLICATIONS\Magisterij\DBOptim\MainFrm.h|D:\USERS\ZVONE\PROJECTS\PROJECTS VISUAL C++\APPLICATIONS\Magisterij\DBOptim\Restore.1\~MainFrm.~h
D:\USERS\ZVONE\PROJECTS\PROJECTS VISUAL C++\APPLICATIONS\Magisterij\DBOptim\DBOptimDoc.h|D:\USERS\ZVONE\PROJECTS\PROJECTS VISUAL C++\APPLICATIONS\Magisterij\DBOptim\Restore.1\~DBOptimDoc.~h
D:\USERS\ZVONE\PROJECTS\PROJECTS VISUAL C++\APPLICATIONS\Magisterij\DBOptim\DBOptimView.h|D:\USERS\ZVONE\PROJECTS\PROJECTS VISUAL C++\APPLICATIONS\Magisterij\DBOptim\Restore.1\~DBOptimView.~h
