D:\USERS\ZVONE\PROJECTS\PROJECTS VISUAL C++\APPLICATIONS\Magisterij\ScheduleSolver\ScheduleSolver.h|D:\USERS\ZVONE\PROJECTS\PROJECTS VISUAL C++\APPLICATIONS\Magisterij\ScheduleSolver\Restore.1\~ScheduleSolver.~h
D:\USERS\ZVONE\PROJECTS\PROJECTS VISUAL C++\APPLICATIONS\Magisterij\ScheduleSolver\MainFrm.h|D:\USERS\ZVONE\PROJECTS\PROJECTS VISUAL C++\APPLICATIONS\Magisterij\ScheduleSolver\Restore.1\~MainFrm.~h
D:\USERS\ZVONE\PROJECTS\PROJECTS VISUAL C++\APPLICATIONS\Magisterij\ScheduleSolver\SchSolverView.h|D:\USERS\ZVONE\PROJECTS\PROJECTS VISUAL C++\APPLICATIONS\Magisterij\ScheduleSolver\Restore.1\~SchSolverView.~h
D:\USERS\ZVONE\PROJECTS\PROJECTS VISUAL C++\APPLICATIONS\Magisterij\ScheduleSolver\ChildFrm.h|D:\USERS\ZVONE\PROJECTS\PROJECTS VISUAL C++\APPLICATIONS\Magisterij\ScheduleSolver\Restore.1\~ChildFrm.~h
D:\USERS\ZVONE\PROJECTS\PROJECTS VISUAL C++\APPLICATIONS\Magisterij\ScheduleSolver\ScheduleSolver.cpp|D:\USERS\ZVONE\PROJECTS\PROJECTS VISUAL C++\APPLICATIONS\Magisterij\ScheduleSolver\Restore.1\~ScheduleSolver.~cpp
D:\USERS\ZVONE\PROJECTS\PROJECTS VISUAL C++\APPLICATIONS\Magisterij\ScheduleSolver\SchSolverDoc.h|D:\USERS\ZVONE\PROJECTS\PROJECTS VISUAL C++\APPLICATIONS\Magisterij\ScheduleSolver\Restore.1\~SchSolverDoc.~h
